J1939.c:59:6:SetAddressFilter	16	static
J1939.c:75:6:SendOneMessage	16	static
J1939.c:92:15:J1939_DequeueMessage	32	static
J1939.c:127:15:J1939_Read_Message	16	static
J1939.c:140:15:J1939_EnqueueMessage	32	static
J1939.c:186:15:J1939_Send_Message	16	static
J1939.c:195:6:J1939_Initialization	4	static
J1939.c:272:6:J1939_Poll	8	static
J1939.c:299:15:J1939_Messages_Filter	16	static
J1939.c:329:6:J1939_ReceiveMessages	24	static
J1939.c:528:16:J1939_TransmitMessages	8	static
J1939.c:568:6:J1939_TP_DT_Packet_send	40	static
J1939.c:636:6:J1939_CM_Start	32	static
J1939.c:667:6:J1939_TP_TX_Abort	32	static
J1939.c:696:6:J1939_TP_RX_Abort	32	static
J1939.c:725:15:J1939_TP_TX_RefreshCMTimer	16	static
J1939.c:749:15:J1939_TP_RX_RefreshCMTimer	16	static
J1939.c:773:6:J1939_read_DT_Packet	32	static
J1939.c:853:6:J1939_TP_Poll	8	static
J1939.c:954:14:J1939_TP_TX_Message	32	static
J1939.c:999:14:J1939_TP_RX_Message	24	static
J1939.c:1056:6:J1939_Request_PGN	40	static
J1939.c:1080:6:J1939_Create_Response	32	static
J1939.c:1100:6:dataUPFun	4	static
J1939.c:1114:6:J1939_Response	48	static
