core_cm4.h:1770:22:__NVIC_ClearPendingIRQ	16	static
main.c:89:6:sendMsg_KEYINFO	32	static
main.c:118:6:sendMsg_MOTORCONTROLLERCOMMANDS	48	static
main.c:151:6:sendMsg_SWITCHINFO	48	static
main.c:180:6:readMsg	32	static
main.c:436:5:main	8	static
main.c:601:6:SystemClock_Config	200	static
main.c:655:13:MX_CAN1_Init	8	static
main.c:692:13:MX_TIM6_Init	24	static
main.c:730:13:MX_TIM16_Init	8	static
main.c:762:13:MX_USART3_UART_Init	8	static
main.c:797:13:MX_GPIO_Init	48	static
main.c:831:6:HAL_TIM_PeriodElapsedCallback	16	static
main.c:854:6:HAL_GPIO_EXTI_Callback	16	static
main.c:887:6:Error_Handler	4	static,ignoring_inline_asm
