Archive member included to satisfy reference by file (symbol)

c:/users/simple energy/stm32cubeide_1.6.0/stm32cubeide/plugins/com.st.stm32cube.ide.mcu.externaltools.gnu-tools-for-stm32.9-2020-q2-update.win32_1.5.0.202011040924/tools/bin/../lib/gcc/arm-none-eabi/9.3.1/../../../../arm-none-eabi/lib/thumb/v7e-m+fp/hard\libc_nano.a(lib_a-errno.o)
                              Core/Src/syscalls.o (__errno)
c:/users/simple energy/stm32cubeide_1.6.0/stm32cubeide/plugins/com.st.stm32cube.ide.mcu.externaltools.gnu-tools-for-stm32.9-2020-q2-update.win32_1.5.0.202011040924/tools/bin/../lib/gcc/arm-none-eabi/9.3.1/../../../../arm-none-eabi/lib/thumb/v7e-m+fp/hard\libc_nano.a(lib_a-exit.o)
                              c:/users/simple energy/stm32cubeide_1.6.0/stm32cubeide/plugins/com.st.stm32cube.ide.mcu.externaltools.gnu-tools-for-stm32.9-2020-q2-update.win32_1.5.0.202011040924/tools/bin/../lib/gcc/arm-none-eabi/9.3.1/../../../../arm-none-eabi/lib/thumb/v7e-m+fp/hard/crt0.o (exit)
c:/users/simple energy/stm32cubeide_1.6.0/stm32cubeide/plugins/com.st.stm32cube.ide.mcu.externaltools.gnu-tools-for-stm32.9-2020-q2-update.win32_1.5.0.202011040924/tools/bin/../lib/gcc/arm-none-eabi/9.3.1/../../../../arm-none-eabi/lib/thumb/v7e-m+fp/hard\libc_nano.a(lib_a-impure.o)
                              c:/users/simple energy/stm32cubeide_1.6.0/stm32cubeide/plugins/com.st.stm32cube.ide.mcu.externaltools.gnu-tools-for-stm32.9-2020-q2-update.win32_1.5.0.202011040924/tools/bin/../lib/gcc/arm-none-eabi/9.3.1/../../../../arm-none-eabi/lib/thumb/v7e-m+fp/hard\libc_nano.a(lib_a-exit.o) (_global_impure_ptr)
c:/users/simple energy/stm32cubeide_1.6.0/stm32cubeide/plugins/com.st.stm32cube.ide.mcu.externaltools.gnu-tools-for-stm32.9-2020-q2-update.win32_1.5.0.202011040924/tools/bin/../lib/gcc/arm-none-eabi/9.3.1/../../../../arm-none-eabi/lib/thumb/v7e-m+fp/hard\libc_nano.a(lib_a-init.o)
                              c:/users/simple energy/stm32cubeide_1.6.0/stm32cubeide/plugins/com.st.stm32cube.ide.mcu.externaltools.gnu-tools-for-stm32.9-2020-q2-update.win32_1.5.0.202011040924/tools/bin/../lib/gcc/arm-none-eabi/9.3.1/../../../../arm-none-eabi/lib/thumb/v7e-m+fp/hard/crt0.o (__libc_init_array)
c:/users/simple energy/stm32cubeide_1.6.0/stm32cubeide/plugins/com.st.stm32cube.ide.mcu.externaltools.gnu-tools-for-stm32.9-2020-q2-update.win32_1.5.0.202011040924/tools/bin/../lib/gcc/arm-none-eabi/9.3.1/../../../../arm-none-eabi/lib/thumb/v7e-m+fp/hard\libc_nano.a(lib_a-memset.o)
                              c:/users/simple energy/stm32cubeide_1.6.0/stm32cubeide/plugins/com.st.stm32cube.ide.mcu.externaltools.gnu-tools-for-stm32.9-2020-q2-update.win32_1.5.0.202011040924/tools/bin/../lib/gcc/arm-none-eabi/9.3.1/../../../../arm-none-eabi/lib/thumb/v7e-m+fp/hard/crt0.o (memset)
c:/users/simple energy/stm32cubeide_1.6.0/stm32cubeide/plugins/com.st.stm32cube.ide.mcu.externaltools.gnu-tools-for-stm32.9-2020-q2-update.win32_1.5.0.202011040924/tools/bin/../lib/gcc/arm-none-eabi/9.3.1/../../../../arm-none-eabi/lib/thumb/v7e-m+fp/hard\libc_nano.a(lib_a-strlen.o)
                              Core/Src/fun.o (strlen)
c:/users/simple energy/stm32cubeide_1.6.0/stm32cubeide/plugins/com.st.stm32cube.ide.mcu.externaltools.gnu-tools-for-stm32.9-2020-q2-update.win32_1.5.0.202011040924/tools/bin/../lib/gcc/arm-none-eabi/9.3.1/thumb/v7e-m+fp/hard\libgcc.a(_aeabi_uldivmod.o)
                              Drivers/STM32L4xx_HAL_Driver/Src/stm32l4xx_hal_uart.o (__aeabi_uldivmod)
c:/users/simple energy/stm32cubeide_1.6.0/stm32cubeide/plugins/com.st.stm32cube.ide.mcu.externaltools.gnu-tools-for-stm32.9-2020-q2-update.win32_1.5.0.202011040924/tools/bin/../lib/gcc/arm-none-eabi/9.3.1/thumb/v7e-m+fp/hard\libgcc.a(_udivmoddi4.o)
                              c:/users/simple energy/stm32cubeide_1.6.0/stm32cubeide/plugins/com.st.stm32cube.ide.mcu.externaltools.gnu-tools-for-stm32.9-2020-q2-update.win32_1.5.0.202011040924/tools/bin/../lib/gcc/arm-none-eabi/9.3.1/thumb/v7e-m+fp/hard\libgcc.a(_aeabi_uldivmod.o) (__udivmoddi4)
c:/users/simple energy/stm32cubeide_1.6.0/stm32cubeide/plugins/com.st.stm32cube.ide.mcu.externaltools.gnu-tools-for-stm32.9-2020-q2-update.win32_1.5.0.202011040924/tools/bin/../lib/gcc/arm-none-eabi/9.3.1/thumb/v7e-m+fp/hard\libgcc.a(_dvmd_tls.o)
                              c:/users/simple energy/stm32cubeide_1.6.0/stm32cubeide/plugins/com.st.stm32cube.ide.mcu.externaltools.gnu-tools-for-stm32.9-2020-q2-update.win32_1.5.0.202011040924/tools/bin/../lib/gcc/arm-none-eabi/9.3.1/thumb/v7e-m+fp/hard\libgcc.a(_aeabi_uldivmod.o) (__aeabi_ldiv0)

Allocating common symbols
Common symbol       size              file

str7                0x4               Core/Src/fun.o
arr                 0x8               Core/Src/fun.o
fp                  0x10              Core/Src/fun.o
value6              0x4               Core/Src/fun.o
data1               0x4               Core/Src/fun.o
data2               0x4               Core/Src/fun.o
[...]
Memory Configuration

Name             Origin             Length             Attributes
RAM              0x0000000020000000 0x0000000000028000 xrw
FLASH            0x0000000008000000 0x0000000000080000 xr
*default*        0x0000000000000000 0xffffffffffffffff

Linker script and memory map

LOAD c:/users/simple energy/stm32cubeide_1.6.0/stm32cubeide/plugins/com.st.stm32cube.ide.mcu.externaltools.gnu-tools-for-stm32.9-2020-q2-update.win32_1.5.0.202011040924/tools/bin/../lib/gcc/arm-none-eabi/9.3.1/thumb/v7e-m+fp/hard/crti.o
LOAD c:/users/simple energy/stm32cubeide_1.6.0/stm32cubeide/plugins/com.st.stm32cube.ide.mcu.externaltools.gnu-tools-for-stm32.9-2020-q2-update.win32_1.5.0.202011040924/tools/bin/../lib/gcc/arm-none-eabi/9.3.1/thumb/v7e-m+fp/hard/crtbegin.o
LOAD c:/users/simple energy/stm32cubeide_1.6.0/stm32cubeide/plugins/com.st.stm32cube.ide.mcu.externaltools.gnu-tools-for-stm32.9-2020-q2-update.win32_1.5.0.202011040924/tools/bin/../lib/gcc/arm-none-eabi/9.3.1/../../../../arm-none-eabi/lib/thumb/v7e-m+fp/hard/crt0.o
LOAD Core/Src/fun.o
LOAD Core/Src/main.o
LOAD Core/Src/stm32l4xx_hal_msp.o
LOAD Core/Src/stm32l4xx_it.o
LOAD Core/Src/syscalls.o
LOAD Core/Src/sysmem.o
LOAD Core/Src/system_stm32l4xx.o
LOAD Core/Startup/startup_stm32l452retx.o
LOAD Drivers/STM32L4xx_HAL_Driver/Src/stm32l4xx_hal.o
LOAD Drivers/STM32L4xx_HAL_Driver/Src/stm32l4xx_hal_can.o
LOAD Drivers/STM32L4xx_HAL_Driver/Src/stm32l4xx_hal_cortex.o
LOAD Drivers/STM32L4xx_HAL_Driver/Src/stm32l4xx_hal_dma.o
LOAD Drivers/STM32L4xx_HAL_Driver/Src/stm32l4xx_hal_dma_ex.o
LOAD Drivers/STM32L4xx_HAL_Driver/Src/stm32l4xx_hal_exti.o
LOAD Drivers/STM32L4xx_HAL_Driver/Src/stm32l4xx_hal_flash.o
LOAD Drivers/STM32L4xx_HAL_Driver/Src/stm32l4xx_hal_flash_ex.o
LOAD Drivers/STM32L4xx_HAL_Driver/Src/stm32l4xx_hal_flash_ramfunc.o
LOAD Drivers/STM32L4xx_HAL_Driver/Src/stm32l4xx_hal_gpio.o
LOAD Drivers/STM32L4xx_HAL_Driver/Src/stm32l4xx_hal_i2c.o
LOAD Drivers/STM32L4xx_HAL_Driver/Src/stm32l4xx_hal_i2c_ex.o
LOAD Drivers/STM32L4xx_HAL_Driver/Src/stm32l4xx_hal_pwr.o
LOAD Drivers/STM32L4xx_HAL_Driver/Src/stm32l4xx_hal_pwr_ex.o
LOAD Drivers/STM32L4xx_HAL_Driver/Src/stm32l4xx_hal_rcc.o
LOAD Drivers/STM32L4xx_HAL_Driver/Src/stm32l4xx_hal_rcc_ex.o
LOAD Drivers/STM32L4xx_HAL_Driver/Src/stm32l4xx_hal_tim.o
LOAD Drivers/STM32L4xx_HAL_Driver/Src/stm32l4xx_hal_tim_ex.o
LOAD Drivers/STM32L4xx_HAL_Driver/Src/stm32l4xx_hal_uart.o
LOAD Drivers/STM32L4xx_HAL_Driver/Src/stm32l4xx_hal_uart_ex.o
START GROUP
LOAD c:/users/simple energy/stm32cubeide_1.6.0/stm32cubeide/plugins/com.st.stm32cube.ide.mcu.externaltools.gnu-tools-for-stm32.9-2020-q2-update.win32_1.5.0.202011040924/tools/bin/../lib/gcc/arm-none-eabi/9.3.1/../../../../arm-none-eabi/lib/thumb/v7e-m+fp/hard\libc_nano.a
LOAD c:/users/simple energy/stm32cubeide_1.6.0/stm32cubeide/plugins/com.st.stm32cube.ide.mcu.externaltools.gnu-tools-for-stm32.9-2020-q2-update.win32_1.5.0.202011040924/tools/bin/../lib/gcc/arm-none-eabi/9.3.1/../../../../arm-none-eabi/lib/thumb/v7e-m+fp/hard\libm.a
END GROUP
START GROUP
LOAD c:/users/simple energy/stm32cubeide_1.6.0/stm32cubeide/plugins/com.st.stm32cube.ide.mcu.externaltools.gnu-tools-for-stm32.9-2020-q2-update.win32_1.5.0.202011040924/tools/bin/../lib/gcc/arm-none-eabi/9.3.1/thumb/v7e-m+fp/hard\libgcc.a
LOAD c:/users/simple energy/stm32cubeide_1.6.0/stm32cubeide/plugins/com.st.stm32cube.ide.mcu.externaltools.gnu-tools-for-stm32.9-2020-q2-update.win32_1.5.0.202011040924/tools/bin/../lib/gcc/arm-none-eabi/9.3.1/../../../../arm-none-eabi/lib/thumb/v7e-m+fp/hard\libc_nano.a
END GROUP
START GROUP
LOAD c:/users/simple energy/stm32cubeide_1.6.0/stm32cubeide/plugins/com.st.stm32cube.ide.mcu.externaltools.gnu-tools-for-stm32.9-2020-q2-update.win32_1.5.0.202011040924/tools/bin/../lib/gcc/arm-none-eabi/9.3.1/thumb/v7e-m+fp/hard\libgcc.a
LOAD c:/users/simple energy/stm32cubeide_1.6.0/stm32cubeide/plugins/com.st.stm32cube.ide.mcu.externaltools.gnu-tools-for-stm32.9-2020-q2-update.win32_1.5.0.202011040924/tools/bin/../lib/gcc/arm-none-eabi/9.3.1/../../../../arm-none-eabi/lib/thumb/v7e-m+fp/hard\libc_nano.a
LOAD c:/users/simple energy/stm32cubeide_1.6.0/stm32cubeide/plugins/com.st.stm32cube.ide.mcu.externaltools.gnu-tools-for-stm32.9-2020-q2-update.win32_1.5.0.202011040924/tools/bin/../lib/gcc/arm-none-eabi/9.3.1/../../../../arm-none-eabi/lib/thumb/v7e-m+fp/hard\libnosys.a
END GROUP
START GROUP
LOAD c:/users/simple energy/stm32cubeide_1.6.0/stm32cubeide/plugins/com.st.stm32cube.ide.mcu.externaltools.gnu-tools-for-stm32.9-2020-q2-update.win32_1.5.0.202011040924/tools/bin/../lib/gcc/arm-none-eabi/9.3.1/thumb/v7e-m+fp/hard\libgcc.a
LOAD c:/users/simple energy/stm32cubeide_1.6.0/stm32cubeide/plugins/com.st.stm32cube.ide.mcu.externaltools.gnu-tools-for-stm32.9-2020-q2-update.win32_1.5.0.202011040924/tools/bin/../lib/gcc/arm-none-eabi/9.3.1/../../../../arm-none-eabi/lib/thumb/v7e-m+fp/hard\libc_nano.a
LOAD c:/users/simple energy/stm32cubeide_1.6.0/stm32cubeide/plugins/com.st.stm32cube.ide.mcu.externaltools.gnu-tools-for-stm32.9-2020-q2-update.win32_1.5.0.202011040924/tools/bin/../lib/gcc/arm-none-eabi/9.3.1/../../../../arm-none-eabi/lib/thumb/v7e-m+fp/hard\libnosys.a
END GROUP
LOAD c:/users/simple energy/stm32cubeide_1.6.0/stm32cubeide/plugins/com.st.stm32cube.ide.mcu.externaltools.gnu-tools-for-stm32.9-2020-q2-update.win32_1.5.0.202011040924/tools/bin/../lib/gcc/arm-none-eabi/9.3.1/thumb/v7e-m+fp/hard/crtend.o
LOAD c:/users/simple energy/stm32cubeide_1.6.0/stm32cubeide/plugins/com.st.stm32cube.ide.mcu.externaltools.gnu-tools-for-stm32.9-2020-q2-update.win32_1.5.0.202011040924/tools/bin/../lib/gcc/arm-none-eabi/9.3.1/thumb/v7e-m+fp/hard/crtn.o
                0x0000000020028000                _estack = (ORIGIN (RAM) + LENGTH (RAM))
                0x0000000000000200                _Min_Heap_Size = 0x200
                0x0000000000000400                _Min_Stack_Size = 0x400

.isr_vector     0x0000000008000000      0x194
                0x0000000008000000                . = ALIGN (0x4)
 *(.isr_vector)
 .isr_vector    0x0000000008000000      0x194 Core/Startup/startup_stm32l452retx.o
                0x0000000008000000                g_pfnVectors
                0x0000000008000194                . = ALIGN (0x4)

.text           0x0000000008000194     0x423c
                0x0000000008000194                . = ALIGN (0x4)
 *(.text)
 .text          0x0000000008000194       0x40 c:/users/simple energy/stm32cubeide_1.6.0/stm32cubeide/plugins/com.st.stm32cube.ide.mcu.externaltools.gnu-tools-for-stm32.9-2020-q2-update.win32_1.5.0.202011040924/tools/bin/../lib/gcc/arm-none-eabi/9.3.1/thumb/v7e-m+fp/hard/crtbegin.o
 .text          0x00000000080001d4       0x10 c:/users/simple energy/stm32cubeide_1.6.0/stm32cubeide/plugins/com.st.stm32cube.ide.mcu.externaltools.gnu-tools-for-stm32.9-2020-q2-update.win32_1.5.0.202011040924/tools/bin/../lib/gcc/arm-none-eabi/9.3.1/../../../../arm-none-eabi/lib/thumb/v7e-m+fp/hard\libc_nano.a(lib_a-strlen.o)
                0x00000000080001d4                strlen
 .text          0x00000000080001e4       0x30 c:/users/simple energy/stm32cubeide_1.6.0/stm32cubeide/plugins/com.st.stm32cube.ide.mcu.externaltools.gnu-tools-for-stm32.9-2020-q2-update.win32_1.5.0.202011040924/tools/bin/../lib/gcc/arm-none-eabi/9.3.1/thumb/v7e-m+fp/hard\libgcc.a(_aeabi_uldivmod.o)
                0x00000000080001e4                __aeabi_uldivmod
 .text          0x0000000008000214      0x2c4 c:/users/simple energy/stm32cubeide_1.6.0/stm32cubeide/plugins/com.st.stm32cube.ide.mcu.externaltools.gnu-tools-for-stm32.9-2020-q2-update.win32_1.5.0.202011040924/tools/bin/../lib/gcc/arm-none-eabi/9.3.1/thumb/v7e-m+fp/hard\libgcc.a(_udivmoddi4.o)
                0x0000000008000214                __udivmoddi4
 .text          0x00000000080004d8        0x4 c:/users/simple energy/stm32cubeide_1.6.0/stm32cubeide/plugins/com.st.stm32cube.ide.mcu.externaltools.gnu-tools-for-stm32.9-2020-q2-update.win32_1.5.0.202011040924/tools/bin/../lib/gcc/arm-none-eabi/9.3.1/thumb/v7e-m+fp/hard\libgcc.a(_dvmd_tls.o)
                0x00000000080004d8                __aeabi_idiv0
                0x00000000080004d8                __aeabi_ldiv0
 *(.text*)
 .text.can_fil_config
                0x00000000080004dc       0x74 Core/Src/fun.o
                0x00000000080004dc                can_fil_config
 .text.HAL_CAN_TxMailbox0CompleteCallback
                0x0000000008000550       0x34 Core/Src/fun.o
                0x0000000008000550                HAL_CAN_TxMailbox0CompleteCallback
 .text.HAL_CAN_TxMailbox1CompleteCallback
                0x0000000008000584       0x34 Core/Src/fun.o
                0x0000000008000584                HAL_CAN_TxMailbox1CompleteCallback
 .text.HAL_CAN_TxMailbox2CompleteCallback
                0x00000000080005b8       0x34 Core/Src/fun.o
                0x00000000080005b8                HAL_CAN_TxMailbox2CompleteCallback
 .text.HAL_CAN_RxFifo0MsgPendingCallback
                0x00000000080005ec      0x22c Core/Src/fun.o
                0x00000000080005ec                HAL_CAN_RxFifo0MsgPendingCallback
 .text.HAL_CAN_ErrorCallback
                0x0000000008000818       0x34 Core/Src/fun.o
                0x0000000008000818                HAL_CAN_ErrorCallback
 .text.call_to_speed_details
                0x000000000800084c       0xf8 Core/Src/fun.o
                0x000000000800084c                call_to_speed_details
 .text.call_to_battery_details
                0x0000000008000944       0xc4 Core/Src/fun.o
                0x0000000008000944                call_to_battery_details
 .text.call_to_voltage_details
                0x0000000008000a08       0xc4 Core/Src/fun.o
                0x0000000008000a08                call_to_voltage_details
 .text.call_to_default
                0x0000000008000acc       0x74 Core/Src/fun.o
                0x0000000008000acc                call_to_default
 .text.can_tx   0x0000000008000b40       0x50 Core/Src/fun.o
                0x0000000008000b40                can_tx
 .text.main     0x0000000008000b90       0x6c Core/Src/main.o
                0x0000000008000b90                main
 .text.SystemClock_Config
                0x0000000008000bfc       0xe2 Core/Src/main.o
                0x0000000008000bfc                SystemClock_Config
 *fill*         0x0000000008000cde        0x2 
 .text.MX_CAN1_Init
                0x0000000008000ce0       0x6c Core/Src/main.o
 .text.MX_USART3_UART_Init
                0x0000000008000d4c       0x60 Core/Src/main.o
 .text.MX_GPIO_Init
                0x0000000008000dac       0xe0 Core/Src/main.o
 .text.Error_Handler
                0x0000000008000e8c        0xa Core/Src/main.o
                0x0000000008000e8c                Error_Handler
 *fill*         0x0000000008000e96        0x2 
 .text.HAL_MspInit
                0x0000000008000e98       0x48 Core/Src/stm32l4xx_hal_msp.o
                0x0000000008000e98                HAL_MspInit
 .text.HAL_CAN_MspInit
                0x0000000008000ee0       0xc8 Core/Src/stm32l4xx_hal_msp.o
                0x0000000008000ee0                HAL_CAN_MspInit
 .text.HAL_UART_MspInit
                0x0000000008000fa8       0x88 Core/Src/stm32l4xx_hal_msp.o
                0x0000000008000fa8                HAL_UART_MspInit
 .text.NMI_Handler
                0x0000000008001030        0x6 Core/Src/stm32l4xx_it.o
                0x0000000008001030                NMI_Handler
 .text.HardFault_Handler
                0x0000000008001036        0x6 Core/Src/stm32l4xx_it.o
                0x0000000008001036                HardFault_Handler
 .text.MemManage_Handler
                0x000000000800103c        0x6 Core/Src/stm32l4xx_it.o
                0x000000000800103c                MemManage_Handler
 .text.BusFault_Handler
                0x0000000008001042        0x6 Core/Src/stm32l4xx_it.o
                0x0000000008001042                BusFault_Handler
 .text.UsageFault_Handler
                0x0000000008001048        0x6 Core/Src/stm32l4xx_it.o
                0x0000000008001048                UsageFault_Handler
 .text.SVC_Handler
                0x000000000800104e        0xe Core/Src/stm32l4xx_it.o
                0x000000000800104e                SVC_Handler
 .text.DebugMon_Handler
                0x000000000800105c        0xe Core/Src/stm32l4xx_it.o
                0x000000000800105c                DebugMon_Handler
 .text.PendSV_Handler
                0x000000000800106a        0xe Core/Src/stm32l4xx_it.o
                0x000000000800106a                PendSV_Handler
 .text.SysTick_Handler
                0x0000000008001078        0xc Core/Src/stm32l4xx_it.o
                0x0000000008001078                SysTick_Handler
 .text.EXTI1_IRQHandler
                0x0000000008001084        0xe Core/Src/stm32l4xx_it.o
                0x0000000008001084                EXTI1_IRQHandler
 *fill*         0x0000000008001092        0x2 
 .text.CAN1_TX_IRQHandler
                0x0000000008001094       0x14 Core/Src/stm32l4xx_it.o
                0x0000000008001094                CAN1_TX_IRQHandler
 .text.CAN1_RX0_IRQHandler
                0x00000000080010a8       0x14 Core/Src/stm32l4xx_it.o
                0x00000000080010a8                CAN1_RX0_IRQHandler
 .text.CAN1_RX1_IRQHandler
                0x00000000080010bc       0x14 Core/Src/stm32l4xx_it.o
                0x00000000080010bc                CAN1_RX1_IRQHandler
 .text.CAN1_SCE_IRQHandler
                0x00000000080010d0       0x14 Core/Src/stm32l4xx_it.o
                0x00000000080010d0                CAN1_SCE_IRQHandler
 .text.SystemInit
                0x00000000080010e4       0x64 Core/Src/system_stm32l4xx.o
                0x00000000080010e4                SystemInit
 .text.Reset_Handler
                0x0000000008001148       0x50 Core/Startup/startup_stm32l452retx.o
                0x0000000008001148                Reset_Handler
 .text.Default_Handler
                0x0000000008001198        0x2 Core/Startup/startup_stm32l452retx.o
                0x0000000008001198                RTC_Alarm_IRQHandler
                0x0000000008001198                EXTI2_IRQHandler
                0x0000000008001198                TIM1_CC_IRQHandler
                0x0000000008001198                TSC_IRQHandler
                0x0000000008001198                TAMP_STAMP_IRQHandler
                0x0000000008001198                EXTI3_IRQHandler
                0x0000000008001198                LPTIM2_IRQHandler
                0x0000000008001198                DFSDM1_FLT1_IRQHandler
                0x0000000008001198                I2C3_ER_IRQHandler
                0x0000000008001198                EXTI0_IRQHandler
                0x0000000008001198                I2C2_EV_IRQHandler
                0x0000000008001198                FPU_IRQHandler
                0x0000000008001198                TIM1_UP_TIM16_IRQHandler
                0x0000000008001198                SPI1_IRQHandler
                0x0000000008001198                TIM6_DAC_IRQHandler
                0x0000000008001198                DMA2_Channel2_IRQHandler
                0x0000000008001198                DMA1_Channel4_IRQHandler
                0x0000000008001198                ADC1_IRQHandler
                0x0000000008001198                USART3_IRQHandler
                0x0000000008001198                DMA1_Channel7_IRQHandler
                0x0000000008001198                DMA2_Channel1_IRQHandler
                0x0000000008001198                QUADSPI_IRQHandler
                0x0000000008001198                I2C1_EV_IRQHandler
                0x0000000008001198                DMA1_Channel6_IRQHandler
                0x0000000008001198                UART4_IRQHandler
                0x0000000008001198                DMA2_Channel4_IRQHandler
                0x0000000008001198                TIM3_IRQHandler
                0x0000000008001198                RCC_IRQHandler
                0x0000000008001198                TIM1_TRG_COM_IRQHandler
                0x0000000008001198                DMA1_Channel1_IRQHandler
                0x0000000008001198                Default_Handler
                0x0000000008001198                DMA2_Channel7_IRQHandler
                0x0000000008001198                EXTI15_10_IRQHandler
                0x0000000008001198                SDMMC1_IRQHandler
                0x0000000008001198                I2C3_EV_IRQHandler
                0x0000000008001198                USB_IRQHandler
                0x0000000008001198                EXTI9_5_IRQHandler
                0x0000000008001198                RTC_WKUP_IRQHandler
                0x0000000008001198                PVD_PVM_IRQHandler
                0x0000000008001198                SPI2_IRQHandler
                0x0000000008001198                DMA2_Channel5_IRQHandler
                0x0000000008001198                CRS_IRQHandler
                0x0000000008001198                DMA1_Channel5_IRQHandler
                0x0000000008001198                EXTI4_IRQHandler
                0x0000000008001198                RNG_IRQHandler
                0x0000000008001198                DMA1_Channel3_IRQHandler
                0x0000000008001198                COMP_IRQHandler
                0x0000000008001198                WWDG_IRQHandler
                0x0000000008001198                I2C4_EV_IRQHandler
                0x0000000008001198                LPUART1_IRQHandler
                0x0000000008001198                DMA2_Channel6_IRQHandler
                0x0000000008001198                TIM2_IRQHandler
                0x0000000008001198                USART2_IRQHandler
                0x0000000008001198                DFSDM1_FLT0_IRQHandler
                0x0000000008001198                I2C2_ER_IRQHandler
                0x0000000008001198                DMA1_Channel2_IRQHandler
                0x0000000008001198                FLASH_IRQHandler
                0x0000000008001198                USART1_IRQHandler
                0x0000000008001198                SPI3_IRQHandler
                0x0000000008001198                I2C1_ER_IRQHandler
                0x0000000008001198                LPTIM1_IRQHandler
                0x0000000008001198                I2C4_ER_IRQHandler
                0x0000000008001198                SAI1_IRQHandler
                0x0000000008001198                DMA2_Channel3_IRQHandler
                0x0000000008001198                TIM1_BRK_TIM15_IRQHandler
 .text.HAL_Init
                0x000000000800119a       0x30 Drivers/STM32L4xx_HAL_Driver/Src/stm32l4xx_hal.o
                0x000000000800119a                HAL_Init
 *fill*         0x00000000080011ca        0x2 
 .text.HAL_InitTick
                0x00000000080011cc       0x78 Drivers/STM32L4xx_HAL_Driver/Src/stm32l4xx_hal.o
                0x00000000080011cc                HAL_InitTick
 .text.HAL_IncTick
                0x0000000008001244       0x28 Drivers/STM32L4xx_HAL_Driver/Src/stm32l4xx_hal.o
                0x0000000008001244                HAL_IncTick
 .text.HAL_GetTick
                0x000000000800126c       0x18 Drivers/STM32L4xx_HAL_Driver/Src/stm32l4xx_hal.o
                0x000000000800126c                HAL_GetTick
 .text.HAL_SuspendTick
                0x0000000008001284       0x20 Drivers/STM32L4xx_HAL_Driver/Src/stm32l4xx_hal.o
                0x0000000008001284                HAL_SuspendTick
 .text.HAL_ResumeTick
                0x00000000080012a4       0x20 Drivers/STM32L4xx_HAL_Driver/Src/stm32l4xx_hal.o
                0x00000000080012a4                HAL_ResumeTick
 .text.HAL_CAN_Init
                0x00000000080012c4      0x28c Drivers/STM32L4xx_HAL_Driver/Src/stm32l4xx_hal_can.o
                0x00000000080012c4                HAL_CAN_Init
 .text.HAL_CAN_ConfigFilter
                0x0000000008001550      0x194 Drivers/STM32L4xx_HAL_Driver/Src/stm32l4xx_hal_can.o
                0x0000000008001550                HAL_CAN_ConfigFilter
 .text.HAL_CAN_Start
                0x00000000080016e4       0x88 Drivers/STM32L4xx_HAL_Driver/Src/stm32l4xx_hal_can.o
                0x00000000080016e4                HAL_CAN_Start
 .text.HAL_CAN_AddTxMessage
                0x000000000800176c      0x1b6 Drivers/STM32L4xx_HAL_Driver/Src/stm32l4xx_hal_can.o
                0x000000000800176c                HAL_CAN_AddTxMessage
 .text.HAL_CAN_GetRxMessage
                0x0000000008001922      0x224 Drivers/STM32L4xx_HAL_Driver/Src/stm32l4xx_hal_can.o
                0x0000000008001922                HAL_CAN_GetRxMessage
 .text.HAL_CAN_ActivateNotification
                0x0000000008001b46       0x4c Drivers/STM32L4xx_HAL_Driver/Src/stm32l4xx_hal_can.o
                0x0000000008001b46                HAL_CAN_ActivateNotification
 .text.HAL_CAN_IRQHandler
                0x0000000008001b92      0x38a Drivers/STM32L4xx_HAL_Driver/Src/stm32l4xx_hal_can.o
                0x0000000008001b92                HAL_CAN_IRQHandler
 .text.HAL_CAN_TxMailbox0AbortCallback
                0x0000000008001f1c       0x14 Drivers/STM32L4xx_HAL_Driver/Src/stm32l4xx_hal_can.o
                0x0000000008001f1c                HAL_CAN_TxMailbox0AbortCallback
 .text.HAL_CAN_TxMailbox1AbortCallback
                0x0000000008001f30       0x14 Drivers/STM32L4xx_HAL_Driver/Src/stm32l4xx_hal_can.o
                0x0000000008001f30                HAL_CAN_TxMailbox1AbortCallback
 .text.HAL_CAN_TxMailbox2AbortCallback
                0x0000000008001f44       0x14 Drivers/STM32L4xx_HAL_Driver/Src/stm32l4xx_hal_can.o
                0x0000000008001f44                HAL_CAN_TxMailbox2AbortCallback
 .text.HAL_CAN_RxFifo0FullCallback
                0x0000000008001f58       0x14 Drivers/STM32L4xx_HAL_Driver/Src/stm32l4xx_hal_can.o
                0x0000000008001f58                HAL_CAN_RxFifo0FullCallback
 .text.HAL_CAN_RxFifo1MsgPendingCallback
                0x0000000008001f6c       0x14 Drivers/STM32L4xx_HAL_Driver/Src/stm32l4xx_hal_can.o
                0x0000000008001f6c                HAL_CAN_RxFifo1MsgPendingCallback
 .text.HAL_CAN_RxFifo1FullCallback
                0x0000000008001f80       0x14 Drivers/STM32L4xx_HAL_Driver/Src/stm32l4xx_hal_can.o
                0x0000000008001f80                HAL_CAN_RxFifo1FullCallback
 .text.HAL_CAN_SleepCallback
                0x0000000008001f94       0x14 Drivers/STM32L4xx_HAL_Driver/Src/stm32l4xx_hal_can.o
                0x0000000008001f94                HAL_CAN_SleepCallback
 .text.HAL_CAN_WakeUpFromRxMsgCallback
                0x0000000008001fa8       0x14 Drivers/STM32L4xx_HAL_Driver/Src/stm32l4xx_hal_can.o
                0x0000000008001fa8                HAL_CAN_WakeUpFromRxMsgCallback
 .text.__NVIC_SetPriorityGrouping
                0x0000000008001fbc       0x48 Drivers/STM32L4xx_HAL_Driver/Src/stm32l4xx_hal_cortex.o
 .text.__NVIC_GetPriorityGrouping
                0x0000000008002004       0x1c Drivers/STM32L4xx_HAL_Driver/Src/stm32l4xx_hal_cortex.o
 .text.__NVIC_EnableIRQ
                0x0000000008002020       0x3c Drivers/STM32L4xx_HAL_Driver/Src/stm32l4xx_hal_cortex.o
 .text.__NVIC_SetPriority
                0x000000000800205c       0x54 Drivers/STM32L4xx_HAL_Driver/Src/stm32l4xx_hal_cortex.o
 .text.NVIC_EncodePriority
                0x00000000080020b0       0x66 Drivers/STM32L4xx_HAL_Driver/Src/stm32l4xx_hal_cortex.o
 *fill*         0x0000000008002116        0x2 
 .text.SysTick_Config
                0x0000000008002118       0x44 Drivers/STM32L4xx_HAL_Driver/Src/stm32l4xx_hal_cortex.o
 .text.HAL_NVIC_SetPriorityGrouping
                0x000000000800215c       0x16 Drivers/STM32L4xx_HAL_Driver/Src/stm32l4xx_hal_cortex.o
                0x000000000800215c                HAL_NVIC_SetPriorityGrouping
 .text.HAL_NVIC_SetPriority
                0x0000000008002172       0x38 Drivers/STM32L4xx_HAL_Driver/Src/stm32l4xx_hal_cortex.o
                0x0000000008002172                HAL_NVIC_SetPriority
 .text.HAL_NVIC_EnableIRQ
                0x00000000080021aa       0x1c Drivers/STM32L4xx_HAL_Driver/Src/stm32l4xx_hal_cortex.o
                0x00000000080021aa                HAL_NVIC_EnableIRQ
 .text.HAL_SYSTICK_Config
                0x00000000080021c6       0x18 Drivers/STM32L4xx_HAL_Driver/Src/stm32l4xx_hal_cortex.o
                0x00000000080021c6                HAL_SYSTICK_Config
 *fill*         0x00000000080021de        0x2 
 .text.HAL_GPIO_Init
                0x00000000080021e0      0x2f4 Drivers/STM32L4xx_HAL_Driver/Src/stm32l4xx_hal_gpio.o
                0x00000000080021e0                HAL_GPIO_Init
 .text.HAL_GPIO_WritePin
                0x00000000080024d4       0x30 Drivers/STM32L4xx_HAL_Driver/Src/stm32l4xx_hal_gpio.o
                0x00000000080024d4                HAL_GPIO_WritePin
 .text.HAL_GPIO_EXTI_IRQHandler
                0x0000000008002504       0x30 Drivers/STM32L4xx_HAL_Driver/Src/stm32l4xx_hal_gpio.o
                0x0000000008002504                HAL_GPIO_EXTI_IRQHandler
 .text.HAL_GPIO_EXTI_Callback
                0x0000000008002534       0x16 Drivers/STM32L4xx_HAL_Driver/Src/stm32l4xx_hal_gpio.o
                0x0000000008002534                HAL_GPIO_EXTI_Callback
 *fill*         0x000000000800254a        0x2 
 .text.HAL_PWR_EnterSLEEPMode
                0x000000000800254c       0x68 Drivers/STM32L4xx_HAL_Driver/Src/stm32l4xx_hal_pwr.o
                0x000000000800254c                HAL_PWR_EnterSLEEPMode
 .text.HAL_PWREx_GetVoltageRange
                0x00000000080025b4       0x1c Drivers/STM32L4xx_HAL_Driver/Src/stm32l4xx_hal_pwr_ex.o
                0x00000000080025b4                HAL_PWREx_GetVoltageRange
 .text.HAL_PWREx_ControlVoltageScaling
                0x00000000080025d0       0xac Drivers/STM32L4xx_HAL_Driver/Src/stm32l4xx_hal_pwr_ex.o
                0x00000000080025d0                HAL_PWREx_ControlVoltageScaling
 .text.HAL_PWREx_EnableLowPowerRunMode
                0x000000000800267c       0x20 Drivers/STM32L4xx_HAL_Driver/Src/stm32l4xx_hal_pwr_ex.o
                0x000000000800267c                HAL_PWREx_EnableLowPowerRunMode
 .text.HAL_PWREx_DisableLowPowerRunMode
                0x000000000800269c       0x70 Drivers/STM32L4xx_HAL_Driver/Src/stm32l4xx_hal_pwr_ex.o
                0x000000000800269c                HAL_PWREx_DisableLowPowerRunMode
 .text.HAL_RCC_OscConfig
                0x000000000800270c      0x840 Drivers/STM32L4xx_HAL_Driver/Src/stm32l4xx_hal_rcc.o
                0x000000000800270c                HAL_RCC_OscConfig
 .text.HAL_RCC_ClockConfig
                0x0000000008002f4c      0x1c4 Drivers/STM32L4xx_HAL_Driver/Src/stm32l4xx_hal_rcc.o
                0x0000000008002f4c                HAL_RCC_ClockConfig
 .text.HAL_RCC_GetSysClockFreq
                0x0000000008003110      0x118 Drivers/STM32L4xx_HAL_Driver/Src/stm32l4xx_hal_rcc.o
                0x0000000008003110                HAL_RCC_GetSysClockFreq
 .text.HAL_RCC_GetHCLKFreq
                0x0000000008003228       0x18 Drivers/STM32L4xx_HAL_Driver/Src/stm32l4xx_hal_rcc.o
                0x0000000008003228                HAL_RCC_GetHCLKFreq
 .text.HAL_RCC_GetPCLK1Freq
                0x0000000008003240       0x2c Drivers/STM32L4xx_HAL_Driver/Src/stm32l4xx_hal_rcc.o
                0x0000000008003240                HAL_RCC_GetPCLK1Freq
 .text.HAL_RCC_GetPCLK2Freq
                0x000000000800326c       0x2c Drivers/STM32L4xx_HAL_Driver/Src/stm32l4xx_hal_rcc.o
                0x000000000800326c                HAL_RCC_GetPCLK2Freq
 .text.RCC_SetFlashLatencyFromMSIRange
                0x0000000008003298       0xc0 Drivers/STM32L4xx_HAL_Driver/Src/stm32l4xx_hal_rcc.o
 .text.HAL_RCCEx_PeriphCLKConfig
                0x0000000008003358      0x4d8 Drivers/STM32L4xx_HAL_Driver/Src/stm32l4xx_hal_rcc_ex.o
                0x0000000008003358                HAL_RCCEx_PeriphCLKConfig
 .text.RCCEx_PLLSAI1_Config
                0x0000000008003830      0x1e4 Drivers/STM32L4xx_HAL_Driver/Src/stm32l4xx_hal_rcc_ex.o
 .text.HAL_UART_Init
                0x0000000008003a14       0x9c Drivers/STM32L4xx_HAL_Driver/Src/stm32l4xx_hal_uart.o
                0x0000000008003a14                HAL_UART_Init
 .text.HAL_UART_Transmit
                0x0000000008003ab0      0x128 Drivers/STM32L4xx_HAL_Driver/Src/stm32l4xx_hal_uart.o
                0x0000000008003ab0                HAL_UART_Transmit
 .text.UART_SetConfig
                0x0000000008003bd8      0x4b8 Drivers/STM32L4xx_HAL_Driver/Src/stm32l4xx_hal_uart.o
                0x0000000008003bd8                UART_SetConfig
 .text.UART_AdvFeatureConfig
                0x0000000008004090      0x144 Drivers/STM32L4xx_HAL_Driver/Src/stm32l4xx_hal_uart.o
                0x0000000008004090                UART_AdvFeatureConfig
 .text.UART_CheckIdleState
                0x00000000080041d4       0x92 Drivers/STM32L4xx_HAL_Driver/Src/stm32l4xx_hal_uart.o
                0x00000000080041d4                UART_CheckIdleState
 .text.UART_WaitOnFlagUntilTimeout
                0x0000000008004266       0xf8 Drivers/STM32L4xx_HAL_Driver/Src/stm32l4xx_hal_uart.o
                0x0000000008004266                UART_WaitOnFlagUntilTimeout
 *fill*         0x000000000800435e        0x2 
 .text.__libc_init_array
                0x0000000008004360       0x48 c:/users/simple energy/stm32cubeide_1.6.0/stm32cubeide/plugins/com.st.stm32cube.ide.mcu.externaltools.gnu-tools-for-stm32.9-2020-q2-update.win32_1.5.0.202011040924/tools/bin/../lib/gcc/arm-none-eabi/9.3.1/../../../../arm-none-eabi/lib/thumb/v7e-m+fp/hard\libc_nano.a(lib_a-init.o)
                0x0000000008004360                __libc_init_array
 .text.memset   0x00000000080043a8       0x10 c:/users/simple energy/stm32cubeide_1.6.0/stm32cubeide/plugins/com.st.stm32cube.ide.mcu.externaltools.gnu-tools-for-stm32.9-2020-q2-update.win32_1.5.0.202011040924/tools/bin/../lib/gcc/arm-none-eabi/9.3.1/../../../../arm-none-eabi/lib/thumb/v7e-m+fp/hard\libc_nano.a(lib_a-memset.o)
                0x00000000080043a8                memset
 *(.glue_7)
 .glue_7        0x00000000080043b8        0x0 linker stubs
 *(.glue_7t)
 .glue_7t       0x00000000080043b8        0x0 linker stubs
 *(.eh_frame)
 .eh_frame      0x00000000080043b8        0x0 c:/users/simple energy/stm32cubeide_1.6.0/stm32cubeide/plugins/com.st.stm32cube.ide.mcu.externaltools.gnu-tools-for-stm32.9-2020-q2-update.win32_1.5.0.202011040924/tools/bin/../lib/gcc/arm-none-eabi/9.3.1/thumb/v7e-m+fp/hard/crtbegin.o
 *(.init)
 .init          0x00000000080043b8        0x4 c:/users/simple energy/stm32cubeide_1.6.0/stm32cubeide/plugins/com.st.stm32cube.ide.mcu.externaltools.gnu-tools-for-stm32.9-2020-q2-update.win32_1.5.0.202011040924/tools/bin/../lib/gcc/arm-none-eabi/9.3.1/thumb/v7e-m+fp/hard/crti.o
                0x00000000080043b8                _init
 .init          0x00000000080043bc        0x8 c:/users/simple energy/stm32cubeide_1.6.0/stm32cubeide/plugins/com.st.stm32cube.ide.mcu.externaltools.gnu-tools-for-stm32.9-2020-q2-update.win32_1.5.0.202011040924/tools/bin/../lib/gcc/arm-none-eabi/9.3.1/thumb/v7e-m+fp/hard/crtn.o
 *(.fini)
 .fini          0x00000000080043c4        0x4 c:/users/simple energy/stm32cubeide_1.6.0/stm32cubeide/plugins/com.st.stm32cube.ide.mcu.externaltools.gnu-tools-for-stm32.9-2020-q2-update.win32_1.5.0.202011040924/tools/bin/../lib/gcc/arm-none-eabi/9.3.1/thumb/v7e-m+fp/hard/crti.o
                0x00000000080043c4                _fini
 .fini          0x00000000080043c8        0x8 c:/users/simple energy/stm32cubeide_1.6.0/stm32cubeide/plugins/com.st.stm32cube.ide.mcu.externaltools.gnu-tools-for-stm32.9-2020-q2-update.win32_1.5.0.202011040924/tools/bin/../lib/gcc/arm-none-eabi/9.3.1/thumb/v7e-m+fp/hard/crtn.o
                0x00000000080043d0                . = ALIGN (0x4)
                0x00000000080043d0                _etext = .

.vfp11_veneer   0x00000000080043d0        0x0
 .vfp11_veneer  0x00000000080043d0        0x0 linker stubs

.v4_bx          0x00000000080043d0        0x0
 .v4_bx         0x00000000080043d0        0x0 linker stubs

.iplt           0x00000000080043d0        0x0
 .iplt          0x00000000080043d0        0x0 c:/users/simple energy/stm32cubeide_1.6.0/stm32cubeide/plugins/com.st.stm32cube.ide.mcu.externaltools.gnu-tools-for-stm32.9-2020-q2-update.win32_1.5.0.202011040924/tools/bin/../lib/gcc/arm-none-eabi/9.3.1/thumb/v7e-m+fp/hard/crtbegin.o

.rodata         0x00000000080043d0       0xd8
                0x00000000080043d0                . = ALIGN (0x4)
 *(.rodata)
 .rodata        0x00000000080043d0       0x75 Core/Src/fun.o
 *fill*         0x0000000008004445        0x3 
 .rodata        0x0000000008004448       0x15 Core/Src/main.o
 *(.rodata*)
 *fill*         0x000000000800445d        0x3 
 .rodata.AHBPrescTable
                0x0000000008004460       0x10 Core/Src/system_stm32l4xx.o
                0x0000000008004460                AHBPrescTable
 .rodata.APBPrescTable
                0x0000000008004470        0x8 Core/Src/system_stm32l4xx.o
                0x0000000008004470                APBPrescTable
 .rodata.MSIRangeTable
                0x0000000008004478       0x30 Core/Src/system_stm32l4xx.o
                0x0000000008004478                MSIRangeTable
                0x00000000080044a8                . = ALIGN (0x4)

.ARM.extab      0x00000000080044a8        0x0
                0x00000000080044a8                . = ALIGN (0x4)
 *(.ARM.extab* .gnu.linkonce.armextab.*)
                0x00000000080044a8                . = ALIGN (0x4)

.ARM            0x00000000080044a8        0x8
                0x00000000080044a8                . = ALIGN (0x4)
                0x00000000080044a8                __exidx_start = .
 *(.ARM.exidx*)
 .ARM.exidx     0x00000000080044a8        0x8 c:/users/simple energy/stm32cubeide_1.6.0/stm32cubeide/plugins/com.st.stm32cube.ide.mcu.externaltools.gnu-tools-for-stm32.9-2020-q2-update.win32_1.5.0.202011040924/tools/bin/../lib/gcc/arm-none-eabi/9.3.1/thumb/v7e-m+fp/hard\libgcc.a(_udivmoddi4.o)
                0x00000000080044b0                __exidx_end = .
                0x00000000080044b0                . = ALIGN (0x4)

.rel.dyn        0x00000000080044b0        0x0
 .rel.iplt      0x00000000080044b0        0x0 c:/users/simple energy/stm32cubeide_1.6.0/stm32cubeide/plugins/com.st.stm32cube.ide.mcu.externaltools.gnu-tools-for-stm32.9-2020-q2-update.win32_1.5.0.202011040924/tools/bin/../lib/gcc/arm-none-eabi/9.3.1/thumb/v7e-m+fp/hard/crtbegin.o

.preinit_array  0x00000000080044b0        0x0
                0x00000000080044b0                . = ALIGN (0x4)
                0x00000000080044b0                PROVIDE (__preinit_array_start = .)
 *(.preinit_array*)
                0x00000000080044b0                PROVIDE (__preinit_array_end = .)
                0x00000000080044b0                . = ALIGN (0x4)

.init_array     0x00000000080044b0        0x4
                0x00000000080044b0                . = ALIGN (0x4)
                0x00000000080044b0                PROVIDE (__init_array_start = .)
 *(SORT_BY_NAME(.init_array.*))
 *(.init_array*)
 .init_array    0x00000000080044b0        0x4 c:/users/simple energy/stm32cubeide_1.6.0/stm32cubeide/plugins/com.st.stm32cube.ide.mcu.externaltools.gnu-tools-for-stm32.9-2020-q2-update.win32_1.5.0.202011040924/tools/bin/../lib/gcc/arm-none-eabi/9.3.1/thumb/v7e-m+fp/hard/crtbegin.o
                0x00000000080044b4                PROVIDE (__init_array_end = .)
                0x00000000080044b4                . = ALIGN (0x4)

.fini_array     0x00000000080044b4        0x4
                0x00000000080044b4                . = ALIGN (0x4)
                [!provide]                        PROVIDE (__fini_array_start = .)
 *(SORT_BY_NAME(.fini_array.*))
 *(.fini_array*)
 .fini_array    0x00000000080044b4        0x4 c:/users/simple energy/stm32cubeide_1.6.0/stm32cubeide/plugins/com.st.stm32cube.ide.mcu.externaltools.gnu-tools-for-stm32.9-2020-q2-update.win32_1.5.0.202011040924/tools/bin/../lib/gcc/arm-none-eabi/9.3.1/thumb/v7e-m+fp/hard/crtbegin.o
                [!provide]                        PROVIDE (__fini_array_end = .)
                0x00000000080044b8                . = ALIGN (0x4)
                0x00000000080044b8                _sidata = LOADADDR (.data)

.data           0x0000000020000000        0xc load address 0x00000000080044b8
                0x0000000020000000                . = ALIGN (0x4)
                0x0000000020000000                _sdata = .
 *(.data)
 *(.data*)
 .data.SystemCoreClock
                0x0000000020000000        0x4 Core/Src/system_stm32l4xx.o
                0x0000000020000000                SystemCoreClock
 .data.uwTickPrio
                0x0000000020000004        0x4 Drivers/STM32L4xx_HAL_Driver/Src/stm32l4xx_hal.o
                0x0000000020000004                uwTickPrio
 .data.uwTickFreq
                0x0000000020000008        0x1 Drivers/STM32L4xx_HAL_Driver/Src/stm32l4xx_hal.o
                0x0000000020000008                uwTickFreq
 *(.RamFunc)
 *(.RamFunc*)
                0x000000002000000c                . = ALIGN (0x4)
 *fill*         0x0000000020000009        0x3 
                0x000000002000000c                _edata = .

.igot.plt       0x000000002000000c        0x0 load address 0x00000000080044c4
 .igot.plt      0x000000002000000c        0x0 c:/users/simple energy/stm32cubeide_1.6.0/stm32cubeide/plugins/com.st.stm32cube.ide.mcu.externaltools.gnu-tools-for-stm32.9-2020-q2-update.win32_1.5.0.202011040924/tools/bin/../lib/gcc/arm-none-eabi/9.3.1/thumb/v7e-m+fp/hard/crtbegin.o
                0x000000002000000c                . = ALIGN (0x4)

.bss            0x0000000020000010      0x21c load address 0x00000000080044c4
                0x0000000020000010                _sbss = .
                0x0000000020000010                __bss_start__ = _sbss
 *(.bss)
 .bss           0x0000000020000010       0x1c c:/users/simple energy/stm32cubeide_1.6.0/stm32cubeide/plugins/com.st.stm32cube.ide.mcu.externaltools.gnu-tools-for-stm32.9-2020-q2-update.win32_1.5.0.202011040924/tools/bin/../lib/gcc/arm-none-eabi/9.3.1/thumb/v7e-m+fp/hard/crtbegin.o
 *(.bss*)
 *(COMMON)
 *fill*         0x000000002000002c        0x4 
 COMMON         0x0000000020000030       0xb0 Core/Src/fun.o
                0x0000000020000030                str7
                0x0000000020000034                arr
                0x000000002000003c                fp
                0x000000002000004c                value6
                0x0000000020000050                data1
                0x0000000020000054                data2
                0x0000000020000058                str4
                0x000000002000005c                data4
                0x0000000020000060                data8
                0x0000000020000064                val8
                0x0000000020000068                val4
                0x000000002000006c                str3
                0x0000000020000070                value8
                0x0000000020000074                val5
                0x0000000020000078                str8
                0x000000002000007c                value3
                0x0000000020000080                value5
                0x0000000020000084                str5
                0x0000000020000088                val2
                0x000000002000008c                val7
                0x0000000020000090                val3
                0x0000000020000094                str1
                0x0000000020000098                choice
                0x00000000200000a0                data
                0x00000000200000a8                value2
                0x00000000200000ac                str6
                0x00000000200000b0                result
                0x00000000200000b4                data3
                0x00000000200000b8                floval
                0x00000000200000bc                value4
                0x00000000200000c0                data7
                0x00000000200000c4                val1
                0x00000000200000c8                data5
                0x00000000200000cc                str2
                0x00000000200000d0                value7
                0x00000000200000d4                data6
                0x00000000200000d8                value1
                0x00000000200000dc                val6
 COMMON         0x00000000200000e0      0x148 Core/Src/main.o
                0x00000000200000e0                huart3
                0x0000000020000164                rxhead
                0x0000000020000180                i
                0x0000000020000184                hcan1
                0x00000000200001e8                fil
                0x0000000020000210                txhead
 COMMON         0x0000000020000228        0x4 Drivers/STM32L4xx_HAL_Driver/Src/stm32l4xx_hal.o
                0x0000000020000228                uwTick
                0x000000002000022c                . = ALIGN (0x4)
                0x000000002000022c                _ebss = .
                0x000000002000022c                __bss_end__ = _ebss

._user_heap_stack
                0x000000002000022c      0x604 load address 0x00000000080044c4
                0x0000000020000230                . = ALIGN (0x8)
 *fill*         0x000000002000022c        0x4 
                [!provide]                        PROVIDE (end = .)
                0x0000000020000230                PROVIDE (_end = .)
                0x0000000020000430                . = (. + _Min_Heap_Size)
 *fill*         0x0000000020000230      0x200 
                0x0000000020000830                . = (. + _Min_Stack_Size)
 *fill*         0x0000000020000430      0x400 
                0x0000000020000830                . = ALIGN (0x8)

/DISCARD/
 libc.a(*)
 libm.a(*)
 libgcc.a(*)

.ARM.attributes
                0x0000000000000000       0x30
 *(.ARM.attributes)
 .ARM.attributes
                0x0000000000000000       0x1e c:/users/simple energy/stm32cubeide_1.6.0/stm32cubeide/plugins/com.st.stm32cube.ide.mcu.externaltools.gnu-tools-for-stm32.9-2020-q2-update.win32_1.5.0.202011040924/tools/bin/../lib/gcc/arm-none-eabi/9.3.1/thumb/v7e-m+fp/hard/crti.o
 .ARM.attributes
                0x000000000000001e       0x34 c:/users/simple energy/stm32cubeide_1.6.0/stm32cubeide/plugins/com.st.stm32cube.ide.mcu.externaltools.gnu-tools-for-stm32.9-2020-q2-update.win32_1.5.0.202011040924/tools/bin/../lib/gcc/arm-none-eabi/9.3.1/thumb/v7e-m+fp/hard/crtbegin.o
 .ARM.attributes
                0x0000000000000052       0x34 Core/Src/fun.o
 .ARM.attributes
                0x0000000000000086       0x34 Core/Src/main.o
 .ARM.attributes
                0x00000000000000ba       0x34 Core/Src/stm32l4xx_hal_msp.o
 .ARM.attributes
                0x00000000000000ee       0x34 Core/Src/stm32l4xx_it.o
 .ARM.attributes
                0x0000000000000122       0x34 Core/Src/system_stm32l4xx.o
 .ARM.attributes
                0x0000000000000156       0x21 Core/Startup/startup_stm32l452retx.o
 .ARM.attributes
                0x0000000000000177       0x34 Drivers/STM32L4xx_HAL_Driver/Src/stm32l4xx_hal.o
 .ARM.attributes
                0x00000000000001ab       0x34 Drivers/STM32L4xx_HAL_Driver/Src/stm32l4xx_hal_can.o
 .ARM.attributes
                0x00000000000001df       0x34 Drivers/STM32L4xx_HAL_Driver/Src/stm32l4xx_hal_cortex.o
 .ARM.attributes
                0x0000000000000213       0x34 Drivers/STM32L4xx_HAL_Driver/Src/stm32l4xx_hal_gpio.o
 .ARM.attributes
                0x0000000000000247       0x34 Drivers/STM32L4xx_HAL_Driver/Src/stm32l4xx_hal_pwr.o
 .ARM.attributes
                0x000000000000027b       0x34 Drivers/STM32L4xx_HAL_Driver/Src/stm32l4xx_hal_pwr_ex.o
 .ARM.attributes
                0x00000000000002af       0x34 Drivers/STM32L4xx_HAL_Driver/Src/stm32l4xx_hal_rcc.o
 .ARM.attributes
                0x00000000000002e3       0x34 Drivers/STM32L4xx_HAL_Driver/Src/stm32l4xx_hal_rcc_ex.o
 .ARM.attributes
                0x0000000000000317       0x34 Drivers/STM32L4xx_HAL_Driver/Src/stm32l4xx_hal_uart.o
 .ARM.attributes
                0x000000000000034b       0x34 c:/users/simple energy/stm32cubeide_1.6.0/stm32cubeide/plugins/com.st.stm32cube.ide.mcu.externaltools.gnu-tools-for-stm32.9-2020-q2-update.win32_1.5.0.202011040924/tools/bin/../lib/gcc/arm-none-eabi/9.3.1/../../../../arm-none-eabi/lib/thumb/v7e-m+fp/hard\libc_nano.a(lib_a-init.o)
 .ARM.attributes
                0x000000000000037f       0x34 c:/users/simple energy/stm32cubeide_1.6.0/stm32cubeide/plugins/com.st.stm32cube.ide.mcu.externaltools.gnu-tools-for-stm32.9-2020-q2-update.win32_1.5.0.202011040924/tools/bin/../lib/gcc/arm-none-eabi/9.3.1/../../../../arm-none-eabi/lib/thumb/v7e-m+fp/hard\libc_nano.a(lib_a-memset.o)
 .ARM.attributes
                0x00000000000003b3       0x17 c:/users/simple energy/stm32cubeide_1.6.0/stm32cubeide/plugins/com.st.stm32cube.ide.mcu.externaltools.gnu-tools-for-stm32.9-2020-q2-update.win32_1.5.0.202011040924/tools/bin/../lib/gcc/arm-none-eabi/9.3.1/../../../../arm-none-eabi/lib/thumb/v7e-m+fp/hard\libc_nano.a(lib_a-strlen.o)
 .ARM.attributes
                0x00000000000003ca       0x1e c:/users/simple energy/stm32cubeide_1.6.0/stm32cubeide/plugins/com.st.stm32cube.ide.mcu.externaltools.gnu-tools-for-stm32.9-2020-q2-update.win32_1.5.0.202011040924/tools/bin/../lib/gcc/arm-none-eabi/9.3.1/thumb/v7e-m+fp/hard\libgcc.a(_aeabi_uldivmod.o)
 .ARM.attributes
                0x00000000000003e8       0x34 c:/users/simple energy/stm32cubeide_1.6.0/stm32cubeide/plugins/com.st.stm32cube.ide.mcu.externaltools.gnu-tools-for-stm32.9-2020-q2-update.win32_1.5.0.202011040924/tools/bin/../lib/gcc/arm-none-eabi/9.3.1/thumb/v7e-m+fp/hard\libgcc.a(_udivmoddi4.o)
 .ARM.attributes
                0x000000000000041c       0x1e c:/users/simple energy/stm32cubeide_1.6.0/stm32cubeide/plugins/com.st.stm32cube.ide.mcu.externaltools.gnu-tools-for-stm32.9-2020-q2-update.win32_1.5.0.202011040924/tools/bin/../lib/gcc/arm-none-eabi/9.3.1/thumb/v7e-m+fp/hard\libgcc.a(_dvmd_tls.o)
 .ARM.attributes
                0x000000000000043a       0x1e c:/users/simple energy/stm32cubeide_1.6.0/stm32cubeide/plugins/com.st.stm32cube.ide.mcu.externaltools.gnu-tools-for-stm32.9-2020-q2-update.win32_1.5.0.202011040924/tools/bin/../lib/gcc/arm-none-eabi/9.3.1/thumb/v7e-m+fp/hard/crtn.o
OUTPUT(CAN_FP.elf elf32-littlearm)
LOAD linker stubs
LOAD c:/users/simple energy/stm32cubeide_1.6.0/stm32cubeide/plugins/com.st.stm32cube.ide.mcu.externaltools.gnu-tools-for-stm32.9-2020-q2-update.win32_1.5.0.202011040924/tools/bin/../lib/gcc/arm-none-eabi/9.3.1/../../../../arm-none-eabi/lib/thumb/v7e-m+fp/hard\libc.a
LOAD c:/users/simple energy/stm32cubeide_1.6.0/stm32cubeide/plugins/com.st.stm32cube.ide.mcu.externaltools.gnu-tools-for-stm32.9-2020-q2-update.win32_1.5.0.202011040924/tools/bin/../lib/gcc/arm-none-eabi/9.3.1/../../../../arm-none-eabi/lib/thumb/v7e-m+fp/hard\libm.a
LOAD c:/users/simple energy/stm32cubeide_1.6.0/stm32cubeide/plugins/com.st.stm32cube.ide.mcu.externaltools.gnu-tools-for-stm32.9-2020-q2-update.win32_1.5.0.202011040924/tools/bin/../lib/gcc/arm-none-eabi/9.3.1/thumb/v7e-m+fp/hard\libgcc.a

.debug_info     0x0000000000000000     0xe881
 .debug_info    0x0000000000000000     0x1f32 Core/Src/fun.o
 .debug_info    0x0000000000001f32     0x194c Core/Src/main.o
 .debug_info    0x000000000000387e     0x13ce Core/Src/stm32l4xx_hal_msp.o
 .debug_info    0x0000000000004c4c      0x8ad Core/Src/stm32l4xx_it.o
 .debug_info    0x00000000000054f9      0x795 Core/Src/system_stm32l4xx.o
 .debug_info    0x0000000000005c8e       0x22 Core/Startup/startup_stm32l452retx.o
 .debug_info    0x0000000000005cb0      0xc8d Drivers/STM32L4xx_HAL_Driver/Src/stm32l4xx_hal.o
 .debug_info    0x000000000000693d     0x1428 Drivers/STM32L4xx_HAL_Driver/Src/stm32l4xx_hal_can.o
 .debug_info    0x0000000000007d65      0xfe6 Drivers/STM32L4xx_HAL_Driver/Src/stm32l4xx_hal_cortex.o
 .debug_info    0x0000000000008d4b      0xa6d Drivers/STM32L4xx_HAL_Driver/Src/stm32l4xx_hal_gpio.o
 .debug_info    0x00000000000097b8      0xb55 Drivers/STM32L4xx_HAL_Driver/Src/stm32l4xx_hal_pwr.o
 .debug_info    0x000000000000a30d      0xb7b Drivers/STM32L4xx_HAL_Driver/Src/stm32l4xx_hal_pwr_ex.o
 .debug_info    0x000000000000ae88      0xdc3 Drivers/STM32L4xx_HAL_Driver/Src/stm32l4xx_hal_rcc.o
 .debug_info    0x000000000000bc4b     0x1157 Drivers/STM32L4xx_HAL_Driver/Src/stm32l4xx_hal_rcc_ex.o
 .debug_info    0x000000000000cda2     0x1adf Drivers/STM32L4xx_HAL_Driver/Src/stm32l4xx_hal_uart.o

.debug_abbrev   0x0000000000000000     0x1fe8
 .debug_abbrev  0x0000000000000000      0x368 Core/Src/fun.o
 .debug_abbrev  0x0000000000000368      0x2f7 Core/Src/main.o
 .debug_abbrev  0x000000000000065f      0x1e6 Core/Src/stm32l4xx_hal_msp.o
 .debug_abbrev  0x0000000000000845      0x1a9 Core/Src/stm32l4xx_it.o
 .debug_abbrev  0x00000000000009ee      0x165 Core/Src/system_stm32l4xx.o
 .debug_abbrev  0x0000000000000b53       0x12 Core/Startup/startup_stm32l452retx.o
 .debug_abbrev  0x0000000000000b65      0x227 Drivers/STM32L4xx_HAL_Driver/Src/stm32l4xx_hal.o
 .debug_abbrev  0x0000000000000d8c      0x27e Drivers/STM32L4xx_HAL_Driver/Src/stm32l4xx_hal_can.o
 .debug_abbrev  0x000000000000100a      0x33c Drivers/STM32L4xx_HAL_Driver/Src/stm32l4xx_hal_cortex.o
 .debug_abbrev  0x0000000000001346      0x1e8 Drivers/STM32L4xx_HAL_Driver/Src/stm32l4xx_hal_gpio.o
 .debug_abbrev  0x000000000000152e      0x1ab Drivers/STM32L4xx_HAL_Driver/Src/stm32l4xx_hal_pwr.o
 .debug_abbrev  0x00000000000016d9      0x1f3 Drivers/STM32L4xx_HAL_Driver/Src/stm32l4xx_hal_pwr_ex.o
 .debug_abbrev  0x00000000000018cc      0x275 Drivers/STM32L4xx_HAL_Driver/Src/stm32l4xx_hal_rcc.o
 .debug_abbrev  0x0000000000001b41      0x268 Drivers/STM32L4xx_HAL_Driver/Src/stm32l4xx_hal_rcc_ex.o
 .debug_abbrev  0x0000000000001da9      0x23f Drivers/STM32L4xx_HAL_Driver/Src/stm32l4xx_hal_uart.o

.debug_aranges  0x0000000000000000      0xb60
 .debug_aranges
                0x0000000000000000       0x90 Core/Src/fun.o
 .debug_aranges
                0x0000000000000090       0x70 Core/Src/main.o
 .debug_aranges
                0x0000000000000100       0x40 Core/Src/stm32l4xx_hal_msp.o
 .debug_aranges
                0x0000000000000140       0x88 Core/Src/stm32l4xx_it.o
 .debug_aranges
                0x00000000000001c8       0x28 Core/Src/system_stm32l4xx.o
 .debug_aranges
                0x00000000000001f0       0x28 Core/Startup/startup_stm32l452retx.o
 .debug_aranges
                0x0000000000000218      0x130 Drivers/STM32L4xx_HAL_Driver/Src/stm32l4xx_hal.o
 .debug_aranges
                0x0000000000000348      0x148 Drivers/STM32L4xx_HAL_Driver/Src/stm32l4xx_hal_can.o
 .debug_aranges
                0x0000000000000490      0x118 Drivers/STM32L4xx_HAL_Driver/Src/stm32l4xx_hal_cortex.o
 .debug_aranges
                0x00000000000005a8       0x58 Drivers/STM32L4xx_HAL_Driver/Src/stm32l4xx_hal_gpio.o
 .debug_aranges
                0x0000000000000600       0x98 Drivers/STM32L4xx_HAL_Driver/Src/stm32l4xx_hal_pwr.o
 .debug_aranges
                0x0000000000000698      0x128 Drivers/STM32L4xx_HAL_Driver/Src/stm32l4xx_hal_pwr_ex.o
 .debug_aranges
                0x00000000000007c0       0x88 Drivers/STM32L4xx_HAL_Driver/Src/stm32l4xx_hal_rcc.o
 .debug_aranges
                0x0000000000000848       0xf0 Drivers/STM32L4xx_HAL_Driver/Src/stm32l4xx_hal_rcc_ex.o
 .debug_aranges
                0x0000000000000938      0x228 Drivers/STM32L4xx_HAL_Driver/Src/stm32l4xx_hal_uart.o

.debug_ranges   0x0000000000000000      0xaa8
 .debug_ranges  0x0000000000000000       0x80 Core/Src/fun.o
 .debug_ranges  0x0000000000000080       0x60 Core/Src/main.o
 .debug_ranges  0x00000000000000e0       0x30 Core/Src/stm32l4xx_hal_msp.o
 .debug_ranges  0x0000000000000110       0x78 Core/Src/stm32l4xx_it.o
 .debug_ranges  0x0000000000000188       0x18 Core/Src/system_stm32l4xx.o
 .debug_ranges  0x00000000000001a0       0x20 Core/Startup/startup_stm32l452retx.o
 .debug_ranges  0x00000000000001c0      0x120 Drivers/STM32L4xx_HAL_Driver/Src/stm32l4xx_hal.o
 .debug_ranges  0x00000000000002e0      0x138 Drivers/STM32L4xx_HAL_Driver/Src/stm32l4xx_hal_can.o
 .debug_ranges  0x0000000000000418      0x108 Drivers/STM32L4xx_HAL_Driver/Src/stm32l4xx_hal_cortex.o
 .debug_ranges  0x0000000000000520       0x48 Drivers/STM32L4xx_HAL_Driver/Src/stm32l4xx_hal_gpio.o
 .debug_ranges  0x0000000000000568       0x88 Drivers/STM32L4xx_HAL_Driver/Src/stm32l4xx_hal_pwr.o
 .debug_ranges  0x00000000000005f0      0x118 Drivers/STM32L4xx_HAL_Driver/Src/stm32l4xx_hal_pwr_ex.o
 .debug_ranges  0x0000000000000708       0x78 Drivers/STM32L4xx_HAL_Driver/Src/stm32l4xx_hal_rcc.o
 .debug_ranges  0x0000000000000780       0xe0 Drivers/STM32L4xx_HAL_Driver/Src/stm32l4xx_hal_rcc_ex.o
 .debug_ranges  0x0000000000000860      0x248 Drivers/STM32L4xx_HAL_Driver/Src/stm32l4xx_hal_uart.o

.debug_macro    0x0000000000000000    0x22764
 .debug_macro   0x0000000000000000      0x3bf Core/Src/fun.o
 .debug_macro   0x00000000000003bf      0xaa8 Core/Src/fun.o
 .debug_macro   0x0000000000000e67      0x1ad Core/Src/fun.o
 .debug_macro   0x0000000000001014       0x2e Core/Src/fun.o
 .debug_macro   0x0000000000001042       0x28 Core/Src/fun.o
 .debug_macro   0x000000000000106a       0x22 Core/Src/fun.o
 .debug_macro   0x000000000000108c       0x8e Core/Src/fun.o
 .debug_macro   0x000000000000111a       0x51 Core/Src/fun.o
 .debug_macro   0x000000000000116b      0x103 Core/Src/fun.o
 .debug_macro   0x000000000000126e       0x6a Core/Src/fun.o
 .debug_macro   0x00000000000012d8      0x1df Core/Src/fun.o
 .debug_macro   0x00000000000014b7       0x1c Core/Src/fun.o
 .debug_macro   0x00000000000014d3       0x22 Core/Src/fun.o
 .debug_macro   0x00000000000014f5      0x101 Core/Src/fun.o
 .debug_macro   0x00000000000015f6     0x1011 Core/Src/fun.o
 .debug_macro   0x0000000000002607      0x11f Core/Src/fun.o
 .debug_macro   0x0000000000002726    0x1632f Core/Src/fun.o
 .debug_macro   0x0000000000018a55       0x43 Core/Src/fun.o
 .debug_macro   0x0000000000018a98     0x3897 Core/Src/fun.o
 .debug_macro   0x000000000001c32f      0x174 Core/Src/fun.o
 .debug_macro   0x000000000001c4a3       0x5c Core/Src/fun.o
 .debug_macro   0x000000000001c4ff     0x13bb Core/Src/fun.o
 .debug_macro   0x000000000001d8ba      0x63f Core/Src/fun.o
 .debug_macro   0x000000000001def9      0x13d Core/Src/fun.o
 .debug_macro   0x000000000001e036      0x168 Core/Src/fun.o
 .debug_macro   0x000000000001e19e      0x26b Core/Src/fun.o
 .debug_macro   0x000000000001e409      0x23d Core/Src/fun.o
 .debug_macro   0x000000000001e646      0x40f Core/Src/fun.o
 .debug_macro   0x000000000001ea55      0x241 Core/Src/fun.o
 .debug_macro   0x000000000001ec96      0x375 Core/Src/fun.o
 .debug_macro   0x000000000001f00b       0xd6 Core/Src/fun.o
 .debug_macro   0x000000000001f0e1      0x22c Core/Src/fun.o
 .debug_macro   0x000000000001f30d       0x61 Core/Src/fun.o
 .debug_macro   0x000000000001f36e       0xa5 Core/Src/fun.o
 .debug_macro   0x000000000001f413      0x122 Core/Src/fun.o
 .debug_macro   0x000000000001f535      0x365 Core/Src/fun.o
 .debug_macro   0x000000000001f89a      0x5ba Core/Src/fun.o
 .debug_macro   0x000000000001fe54       0x44 Core/Src/fun.o
 .debug_macro   0x000000000001fe98      0x2ec Core/Src/fun.o
 .debug_macro   0x0000000000020184       0x52 Core/Src/fun.o
 .debug_macro   0x00000000000201d6       0x18 Core/Src/fun.o
 .debug_macro   0x00000000000201ee       0x3c Core/Src/fun.o
 .debug_macro   0x000000000002022a       0x34 Core/Src/fun.o
 .debug_macro   0x000000000002025e       0x16 Core/Src/fun.o
 .debug_macro   0x0000000000020274       0x35 Core/Src/fun.o
 .debug_macro   0x00000000000202a9      0x333 Core/Src/fun.o
 .debug_macro   0x00000000000205dc       0x10 Core/Src/fun.o
 .debug_macro   0x00000000000205ec       0x16 Core/Src/fun.o
 .debug_macro   0x0000000000020602       0x43 Core/Src/fun.o
 .debug_macro   0x0000000000020645       0x34 Core/Src/fun.o
 .debug_macro   0x0000000000020679       0x10 Core/Src/fun.o
 .debug_macro   0x0000000000020689       0x58 Core/Src/fun.o
 .debug_macro   0x00000000000206e1       0x71 Core/Src/fun.o
 .debug_macro   0x0000000000020752       0x1c Core/Src/fun.o
 .debug_macro   0x000000000002076e      0x12a Core/Src/fun.o
 .debug_macro   0x0000000000020898       0x10 Core/Src/fun.o
 .debug_macro   0x00000000000208a8       0x1c Core/Src/fun.o
 .debug_macro   0x00000000000208c4       0x52 Core/Src/fun.o
 .debug_macro   0x0000000000020916       0x22 Core/Src/fun.o
 .debug_macro   0x0000000000020938       0x10 Core/Src/fun.o
 .debug_macro   0x0000000000020948       0x40 Core/Src/fun.o
 .debug_macro   0x0000000000020988       0xd5 Core/Src/fun.o
 .debug_macro   0x0000000000020a5d       0x1c Core/Src/fun.o
 .debug_macro   0x0000000000020a79       0x3d Core/Src/fun.o
 .debug_macro   0x0000000000020ab6       0x16 Core/Src/fun.o
 .debug_macro   0x0000000000020acc      0x145 Core/Src/fun.o
 .debug_macro   0x0000000000020c11       0x16 Core/Src/fun.o
 .debug_macro   0x0000000000020c27       0x20 Core/Src/fun.o
 .debug_macro   0x0000000000020c47       0x16 Core/Src/fun.o
 .debug_macro   0x0000000000020c5d       0x16 Core/Src/fun.o
 .debug_macro   0x0000000000020c73       0x29 Core/Src/fun.o
 .debug_macro   0x0000000000020c9c      0x1a9 Core/Src/fun.o
 .debug_macro   0x0000000000020e45      0x1d9 Core/Src/main.o
 .debug_macro   0x000000000002101e      0x1d9 Core/Src/stm32l4xx_hal_msp.o
 .debug_macro   0x00000000000211f7      0x1e3 Core/Src/stm32l4xx_it.o
 .debug_macro   0x00000000000213da      0x1cf Core/Src/system_stm32l4xx.o
 .debug_macro   0x00000000000215a9      0x21d Drivers/STM32L4xx_HAL_Driver/Src/stm32l4xx_hal.o
 .debug_macro   0x00000000000217c6      0x1d7 Drivers/STM32L4xx_HAL_Driver/Src/stm32l4xx_hal_can.o
 .debug_macro   0x000000000002199d      0x1cf Drivers/STM32L4xx_HAL_Driver/Src/stm32l4xx_hal_cortex.o
 .debug_macro   0x0000000000021b6c      0x20e Drivers/STM32L4xx_HAL_Driver/Src/stm32l4xx_hal_gpio.o
 .debug_macro   0x0000000000021d7a      0x1e7 Drivers/STM32L4xx_HAL_Driver/Src/stm32l4xx_hal_pwr.o
 .debug_macro   0x0000000000021f61      0x1f3 Drivers/STM32L4xx_HAL_Driver/Src/stm32l4xx_hal_pwr_ex.o
 .debug_macro   0x0000000000022154      0x211 Drivers/STM32L4xx_HAL_Driver/Src/stm32l4xx_hal_rcc.o
 .debug_macro   0x0000000000022365      0x205 Drivers/STM32L4xx_HAL_Driver/Src/stm32l4xx_hal_rcc_ex.o
 .debug_macro   0x000000000002256a      0x1fa Drivers/STM32L4xx_HAL_Driver/Src/stm32l4xx_hal_uart.o

.debug_line     0x0000000000000000     0xbe74
 .debug_line    0x0000000000000000      0xe45 Core/Src/fun.o
 .debug_line    0x0000000000000e45      0x91c Core/Src/main.o
 .debug_line    0x0000000000001761      0x7f8 Core/Src/stm32l4xx_hal_msp.o
 .debug_line    0x0000000000001f59      0x88c Core/Src/stm32l4xx_it.o
 .debug_line    0x00000000000027e5      0x802 Core/Src/system_stm32l4xx.o
 .debug_line    0x0000000000002fe7       0x87 Core/Startup/startup_stm32l452retx.o
 .debug_line    0x000000000000306e      0xb41 Drivers/STM32L4xx_HAL_Driver/Src/stm32l4xx_hal.o
 .debug_line    0x0000000000003baf     0x136b Drivers/STM32L4xx_HAL_Driver/Src/stm32l4xx_hal_can.o
 .debug_line    0x0000000000004f1a      0xce8 Drivers/STM32L4xx_HAL_Driver/Src/stm32l4xx_hal_cortex.o
 .debug_line    0x0000000000005c02      0xb65 Drivers/STM32L4xx_HAL_Driver/Src/stm32l4xx_hal_gpio.o
 .debug_line    0x0000000000006767      0x91e Drivers/STM32L4xx_HAL_Driver/Src/stm32l4xx_hal_pwr.o
 .debug_line    0x0000000000007085      0xc48 Drivers/STM32L4xx_HAL_Driver/Src/stm32l4xx_hal_pwr_ex.o
 .debug_line    0x0000000000007ccd      0xfc7 Drivers/STM32L4xx_HAL_Driver/Src/stm32l4xx_hal_rcc.o
 .debug_line    0x0000000000008c94     0x1432 Drivers/STM32L4xx_HAL_Driver/Src/stm32l4xx_hal_rcc_ex.o
 .debug_line    0x000000000000a0c6     0x1dae Drivers/STM32L4xx_HAL_Driver/Src/stm32l4xx_hal_uart.o

.debug_str      0x0000000000000000    0xd279e
 .debug_str     0x0000000000000000    0xcf265 Core/Src/fun.o
                                      0xcf7ec (size before relaxing)
 .debug_str     0x00000000000cf265      0x90e Core/Src/main.o
                                      0xcb47b (size before relaxing)
 .debug_str     0x00000000000cfb73       0x78 Core/Src/stm32l4xx_hal_msp.o
                                      0xcaf5c (size before relaxing)
 .debug_str     0x00000000000cfbeb      0x11d Core/Src/stm32l4xx_it.o
                                      0xca6aa (size before relaxing)
 .debug_str     0x00000000000cfd08       0xb8 Core/Src/system_stm32l4xx.o
                                      0xca399 (size before relaxing)
 .debug_str     0x00000000000cfdc0       0x36 Core/Startup/startup_stm32l452retx.o
                                         0x77 (size before relaxing)
 .debug_str     0x00000000000cfdf6      0x5c0 Drivers/STM32L4xx_HAL_Driver/Src/stm32l4xx_hal.o
                                      0xcadf9 (size before relaxing)
 .debug_str     0x00000000000d03b6      0x5f4 Drivers/STM32L4xx_HAL_Driver/Src/stm32l4xx_hal_can.o
                                      0xcadad (size before relaxing)
 .debug_str     0x00000000000d09aa      0x389 Drivers/STM32L4xx_HAL_Driver/Src/stm32l4xx_hal_cortex.o
                                      0xcab5f (size before relaxing)
 .debug_str     0x00000000000d0d33      0x236 Drivers/STM32L4xx_HAL_Driver/Src/stm32l4xx_hal_gpio.o
                                      0xca62e (size before relaxing)
 .debug_str     0x00000000000d0f69      0x2d9 Drivers/STM32L4xx_HAL_Driver/Src/stm32l4xx_hal_pwr.o
                                      0xca6aa (size before relaxing)
 .debug_str     0x00000000000d1242      0x3fc Drivers/STM32L4xx_HAL_Driver/Src/stm32l4xx_hal_pwr_ex.o
                                      0xca850 (size before relaxing)
 .debug_str     0x00000000000d163e      0x395 Drivers/STM32L4xx_HAL_Driver/Src/stm32l4xx_hal_rcc.o
                                      0xca930 (size before relaxing)
 .debug_str     0x00000000000d19d3      0x527 Drivers/STM32L4xx_HAL_Driver/Src/stm32l4xx_hal_rcc_ex.o
                                      0xcac0c (size before relaxing)
 .debug_str     0x00000000000d1efa      0x8a4 Drivers/STM32L4xx_HAL_Driver/Src/stm32l4xx_hal_uart.o
                                      0xcaff8 (size before relaxing)

.comment        0x0000000000000000       0x53
 .comment       0x0000000000000000       0x53 Core/Src/fun.o
                                         0x54 (size before relaxing)
 .comment       0x0000000000000053       0x54 Core/Src/main.o
 .comment       0x0000000000000053       0x54 Core/Src/stm32l4xx_hal_msp.o
 .comment       0x0000000000000053       0x54 Core/Src/stm32l4xx_it.o
 .comment       0x0000000000000053       0x54 Core/Src/system_stm32l4xx.o
 .comment       0x0000000000000053       0x54 Drivers/STM32L4xx_HAL_Driver/Src/stm32l4xx_hal.o
 .comment       0x0000000000000053       0x54 Drivers/STM32L4xx_HAL_Driver/Src/stm32l4xx_hal_can.o
 .comment       0x0000000000000053       0x54 Drivers/STM32L4xx_HAL_Driver/Src/stm32l4xx_hal_cortex.o
 .comment       0x0000000000000053       0x54 Drivers/STM32L4xx_HAL_Driver/Src/stm32l4xx_hal_gpio.o
 .comment       0x0000000000000053       0x54 Drivers/STM32L4xx_HAL_Driver/Src/stm32l4xx_hal_pwr.o
 .comment       0x0000000000000053       0x54 Drivers/STM32L4xx_HAL_Driver/Src/stm32l4xx_hal_pwr_ex.o
 .comment       0x0000000000000053       0x54 Drivers/STM32L4xx_HAL_Driver/Src/stm32l4xx_hal_rcc.o
 .comment       0x0000000000000053       0x54 Drivers/STM32L4xx_HAL_Driver/Src/stm32l4xx_hal_rcc_ex.o
 .comment       0x0000000000000053       0x54 Drivers/STM32L4xx_HAL_Driver/Src/stm32l4xx_hal_uart.o

.debug_frame    0x0000000000000000     0x2dd8
 .debug_frame   0x0000000000000000      0x23c Core/Src/fun.o
 .debug_frame   0x000000000000023c      0x154 Core/Src/main.o
 .debug_frame   0x0000000000000390       0xc8 Core/Src/stm32l4xx_hal_msp.o
 .debug_frame   0x0000000000000458      0x190 Core/Src/stm32l4xx_it.o
 .debug_frame   0x00000000000005e8       0x58 Core/Src/system_stm32l4xx.o
 .debug_frame   0x0000000000000640      0x498 Drivers/STM32L4xx_HAL_Driver/Src/stm32l4xx_hal.o
 .debug_frame   0x0000000000000ad8      0x5f4 Drivers/STM32L4xx_HAL_Driver/Src/stm32l4xx_hal_can.o
 .debug_frame   0x00000000000010cc      0x498 Drivers/STM32L4xx_HAL_Driver/Src/stm32l4xx_hal_cortex.o
 .debug_frame   0x0000000000001564      0x14c Drivers/STM32L4xx_HAL_Driver/Src/stm32l4xx_hal_gpio.o
 .debug_frame   0x00000000000016b0      0x230 Drivers/STM32L4xx_HAL_Driver/Src/stm32l4xx_hal_pwr.o
 .debug_frame   0x00000000000018e0      0x4a4 Drivers/STM32L4xx_HAL_Driver/Src/stm32l4xx_hal_pwr_ex.o
 .debug_frame   0x0000000000001d84      0x1f4 Drivers/STM32L4xx_HAL_Driver/Src/stm32l4xx_hal_rcc.o
 .debug_frame   0x0000000000001f78      0x3d0 Drivers/STM32L4xx_HAL_Driver/Src/stm32l4xx_hal_rcc_ex.o
 .debug_frame   0x0000000000002348      0x9e4 Drivers/STM32L4xx_HAL_Driver/Src/stm32l4xx_hal_uart.o
 .debug_frame   0x0000000000002d2c       0x2c c:/users/simple energy/stm32cubeide_1.6.0/stm32cubeide/plugins/com.st.stm32cube.ide.mcu.externaltools.gnu-tools-for-stm32.9-2020-q2-update.win32_1.5.0.202011040924/tools/bin/../lib/gcc/arm-none-eabi/9.3.1/../../../../arm-none-eabi/lib/thumb/v7e-m+fp/hard\libc_nano.a(lib_a-init.o)
 .debug_frame   0x0000000000002d58       0x20 c:/users/simple energy/stm32cubeide_1.6.0/stm32cubeide/plugins/com.st.stm32cube.ide.mcu.externaltools.gnu-tools-for-stm32.9-2020-q2-update.win32_1.5.0.202011040924/tools/bin/../lib/gcc/arm-none-eabi/9.3.1/../../../../arm-none-eabi/lib/thumb/v7e-m+fp/hard\libc_nano.a(lib_a-memset.o)
 .debug_frame   0x0000000000002d78       0x2c c:/users/simple energy/stm32cubeide_1.6.0/stm32cubeide/plugins/com.st.stm32cube.ide.mcu.externaltools.gnu-tools-for-stm32.9-2020-q2-update.win32_1.5.0.202011040924/tools/bin/../lib/gcc/arm-none-eabi/9.3.1/thumb/v7e-m+fp/hard\libgcc.a(_aeabi_uldivmod.o)
 .debug_frame   0x0000000000002da4       0x34 c:/users/simple energy/stm32cubeide_1.6.0/stm32cubeide/plugins/com.st.stm32cube.ide.mcu.externaltools.gnu-tools-for-stm32.9-2020-q2-update.win32_1.5.0.202011040924/tools/bin/../lib/gcc/arm-none-eabi/9.3.1/thumb/v7e-m+fp/hard\libgcc.a(_udivmoddi4.o)
