Archive member included to satisfy reference by file (symbol)

c:/users/simple energy/stm32cubeide_1.6.0/stm32cubeide/plugins/com.st.stm32cube.ide.mcu.externaltools.gnu-tools-for-stm32.9-2020-q2-update.win32_1.5.0.202011040924/tools/bin/../lib/gcc/arm-none-eabi/9.3.1/../../../../arm-none-eabi/lib/thumb/v7e-m+fp/hard\libc_nano.a(lib_a-errno.o)
                              Core/Src/syscalls.o (__errno)
c:/users/simple energy/stm32cubeide_1.6.0/stm32cubeide/plugins/com.st.stm32cube.ide.mcu.externaltools.gnu-tools-for-stm32.9-2020-q2-update.win32_1.5.0.202011040924/tools/bin/../lib/gcc/arm-none-eabi/9.3.1/../../../../arm-none-eabi/lib/thumb/v7e-m+fp/hard\libc_nano.a(lib_a-exit.o)
                              c:/users/simple energy/stm32cubeide_1.6.0/stm32cubeide/plugins/com.st.stm32cube.ide.mcu.externaltools.gnu-tools-for-stm32.9-2020-q2-update.win32_1.5.0.202011040924/tools/bin/../lib/gcc/arm-none-eabi/9.3.1/../../../../arm-none-eabi/lib/thumb/v7e-m+fp/hard/crt0.o (exit)
c:/users/simple energy/stm32cubeide_1.6.0/stm32cubeide/plugins/com.st.stm32cube.ide.mcu.externaltools.gnu-tools-for-stm32.9-2020-q2-update.win32_1.5.0.202011040924/tools/bin/../lib/gcc/arm-none-eabi/9.3.1/../../../../arm-none-eabi/lib/thumb/v7e-m+fp/hard\libc_nano.a(lib_a-impure.o)
                              c:/users/simple energy/stm32cubeide_1.6.0/stm32cubeide/plugins/com.st.stm32cube.ide.mcu.externaltools.gnu-tools-for-stm32.9-2020-q2-update.win32_1.5.0.202011040924/tools/bin/../lib/gcc/arm-none-eabi/9.3.1/../../../../arm-none-eabi/lib/thumb/v7e-m+fp/hard\libc_nano.a(lib_a-exit.o) (_global_impure_ptr)
c:/users/simple energy/stm32cubeide_1.6.0/stm32cubeide/plugins/com.st.stm32cube.ide.mcu.externaltools.gnu-tools-for-stm32.9-2020-q2-update.win32_1.5.0.202011040924/tools/bin/../lib/gcc/arm-none-eabi/9.3.1/../../../../arm-none-eabi/lib/thumb/v7e-m+fp/hard\libc_nano.a(lib_a-init.o)
                              c:/users/simple energy/stm32cubeide_1.6.0/stm32cubeide/plugins/com.st.stm32cube.ide.mcu.externaltools.gnu-tools-for-stm32.9-2020-q2-update.win32_1.5.0.202011040924/tools/bin/../lib/gcc/arm-none-eabi/9.3.1/../../../../arm-none-eabi/lib/thumb/v7e-m+fp/hard/crt0.o (__libc_init_array)
c:/users/simple energy/stm32cubeide_1.6.0/stm32cubeide/plugins/com.st.stm32cube.ide.mcu.externaltools.gnu-tools-for-stm32.9-2020-q2-update.win32_1.5.0.202011040924/tools/bin/../lib/gcc/arm-none-eabi/9.3.1/../../../../arm-none-eabi/lib/thumb/v7e-m+fp/hard\libc_nano.a(lib_a-malloc.o)
                              Core/Src/J1939.o (malloc)
c:/users/simple energy/stm32cubeide_1.6.0/stm32cubeide/plugins/com.st.stm32cube.ide.mcu.externaltools.gnu-tools-for-stm32.9-2020-q2-update.win32_1.5.0.202011040924/tools/bin/../lib/gcc/arm-none-eabi/9.3.1/../../../../arm-none-eabi/lib/thumb/v7e-m+fp/hard\libc_nano.a(lib_a-memset.o)
                              c:/users/simple energy/stm32cubeide_1.6.0/stm32cubeide/plugins/com.st.stm32cube.ide.mcu.externaltools.gnu-tools-for-stm32.9-2020-q2-update.win32_1.5.0.202011040924/tools/bin/../lib/gcc/arm-none-eabi/9.3.1/../../../../arm-none-eabi/lib/thumb/v7e-m+fp/hard/crt0.o (memset)
c:/users/simple energy/stm32cubeide_1.6.0/stm32cubeide/plugins/com.st.stm32cube.ide.mcu.externaltools.gnu-tools-for-stm32.9-2020-q2-update.win32_1.5.0.202011040924/tools/bin/../lib/gcc/arm-none-eabi/9.3.1/../../../../arm-none-eabi/lib/thumb/v7e-m+fp/hard\libc_nano.a(lib_a-nano-freer.o)
                              c:/users/simple energy/stm32cubeide_1.6.0/stm32cubeide/plugins/com.st.stm32cube.ide.mcu.externaltools.gnu-tools-for-stm32.9-2020-q2-update.win32_1.5.0.202011040924/tools/bin/../lib/gcc/arm-none-eabi/9.3.1/../../../../arm-none-eabi/lib/thumb/v7e-m+fp/hard\libc_nano.a(lib_a-malloc.o) (_free_r)
c:/users/simple energy/stm32cubeide_1.6.0/stm32cubeide/plugins/com.st.stm32cube.ide.mcu.externaltools.gnu-tools-for-stm32.9-2020-q2-update.win32_1.5.0.202011040924/tools/bin/../lib/gcc/arm-none-eabi/9.3.1/../../../../arm-none-eabi/lib/thumb/v7e-m+fp/hard\libc_nano.a(lib_a-nano-mallocr.o)
                              c:/users/simple energy/stm32cubeide_1.6.0/stm32cubeide/plugins/com.st.stm32cube.ide.mcu.externaltools.gnu-tools-for-stm32.9-2020-q2-update.win32_1.5.0.202011040924/tools/bin/../lib/gcc/arm-none-eabi/9.3.1/../../../../arm-none-eabi/lib/thumb/v7e-m+fp/hard\libc_nano.a(lib_a-malloc.o) (_malloc_r)
c:/users/simple energy/stm32cubeide_1.6.0/stm32cubeide/plugins/com.st.stm32cube.ide.mcu.externaltools.gnu-tools-for-stm32.9-2020-q2-update.win32_1.5.0.202011040924/tools/bin/../lib/gcc/arm-none-eabi/9.3.1/../../../../arm-none-eabi/lib/thumb/v7e-m+fp/hard\libc_nano.a(lib_a-sbrkr.o)
                              c:/users/simple energy/stm32cubeide_1.6.0/stm32cubeide/plugins/com.st.stm32cube.ide.mcu.externaltools.gnu-tools-for-stm32.9-2020-q2-update.win32_1.5.0.202011040924/tools/bin/../lib/gcc/arm-none-eabi/9.3.1/../../../../arm-none-eabi/lib/thumb/v7e-m+fp/hard\libc_nano.a(lib_a-nano-mallocr.o) (_sbrk_r)
[...]
Memory Configuration

Name             Origin             Length             Attributes
RAM              0x0000000020000000 0x0000000000028000 xrw
FLASH            0x0000000008000000 0x0000000000080000 xr
*default*        0x0000000000000000 0xffffffffffffffff

Linker script and memory map

LOAD c:/users/simple energy/stm32cubeide_1.6.0/stm32cubeide/plugins/com.st.stm32cube.ide.mcu.externaltools.gnu-tools-for-stm32.9-2020-q2-update.win32_1.5.0.202011040924/tools/bin/../lib/gcc/arm-none-eabi/9.3.1/thumb/v7e-m+fp/hard/crti.o
LOAD c:/users/simple energy/stm32cubeide_1.6.0/stm32cubeide/plugins/com.st.stm32cube.ide.mcu.externaltools.gnu-tools-for-stm32.9-2020-q2-update.win32_1.5.0.202011040924/tools/bin/../lib/gcc/arm-none-eabi/9.3.1/thumb/v7e-m+fp/hard/crtbegin.o
LOAD c:/users/simple energy/stm32cubeide_1.6.0/stm32cubeide/plugins/com.st.stm32cube.ide.mcu.externaltools.gnu-tools-for-stm32.9-2020-q2-update.win32_1.5.0.202011040924/tools/bin/../lib/gcc/arm-none-eabi/9.3.1/../../../../arm-none-eabi/lib/thumb/v7e-m+fp/hard/crt0.o
LOAD Core/Src/J1939.o
LOAD Core/Src/J1939_Config.o
LOAD Core/Src/fun.o
LOAD Core/Src/main.o
LOAD Core/Src/stm32l4xx_hal_msp.o
LOAD Core/Src/stm32l4xx_it.o
LOAD Core/Src/syscalls.o
LOAD Core/Src/sysmem.o
LOAD Core/Src/system_stm32l4xx.o
LOAD Core/Startup/startup_stm32l452retx.o
LOAD Drivers/STM32L4xx_HAL_Driver/Src/stm32l4xx_hal.o
LOAD Drivers/STM32L4xx_HAL_Driver/Src/stm32l4xx_hal_can.o
LOAD Drivers/STM32L4xx_HAL_Driver/Src/stm32l4xx_hal_cortex.o
LOAD Drivers/STM32L4xx_HAL_Driver/Src/stm32l4xx_hal_dma.o
LOAD Drivers/STM32L4xx_HAL_Driver/Src/stm32l4xx_hal_dma_ex.o
LOAD Drivers/STM32L4xx_HAL_Driver/Src/stm32l4xx_hal_exti.o
LOAD Drivers/STM32L4xx_HAL_Driver/Src/stm32l4xx_hal_flash.o
LOAD Drivers/STM32L4xx_HAL_Driver/Src/stm32l4xx_hal_flash_ex.o
LOAD Drivers/STM32L4xx_HAL_Driver/Src/stm32l4xx_hal_flash_ramfunc.o
LOAD Drivers/STM32L4xx_HAL_Driver/Src/stm32l4xx_hal_gpio.o
LOAD Drivers/STM32L4xx_HAL_Driver/Src/stm32l4xx_hal_i2c.o
LOAD Drivers/STM32L4xx_HAL_Driver/Src/stm32l4xx_hal_i2c_ex.o
LOAD Drivers/STM32L4xx_HAL_Driver/Src/stm32l4xx_hal_pwr.o
LOAD Drivers/STM32L4xx_HAL_Driver/Src/stm32l4xx_hal_pwr_ex.o
LOAD Drivers/STM32L4xx_HAL_Driver/Src/stm32l4xx_hal_rcc.o
LOAD Drivers/STM32L4xx_HAL_Driver/Src/stm32l4xx_hal_rcc_ex.o
LOAD Drivers/STM32L4xx_HAL_Driver/Src/stm32l4xx_hal_tim.o
LOAD Drivers/STM32L4xx_HAL_Driver/Src/stm32l4xx_hal_tim_ex.o
LOAD Drivers/STM32L4xx_HAL_Driver/Src/stm32l4xx_hal_uart.o
LOAD Drivers/STM32L4xx_HAL_Driver/Src/stm32l4xx_hal_uart_ex.o
START GROUP
LOAD c:/users/simple energy/stm32cubeide_1.6.0/stm32cubeide/plugins/com.st.stm32cube.ide.mcu.externaltools.gnu-tools-for-stm32.9-2020-q2-update.win32_1.5.0.202011040924/tools/bin/../lib/gcc/arm-none-eabi/9.3.1/../../../../arm-none-eabi/lib/thumb/v7e-m+fp/hard\libc_nano.a
LOAD c:/users/simple energy/stm32cubeide_1.6.0/stm32cubeide/plugins/com.st.stm32cube.ide.mcu.externaltools.gnu-tools-for-stm32.9-2020-q2-update.win32_1.5.0.202011040924/tools/bin/../lib/gcc/arm-none-eabi/9.3.1/../../../../arm-none-eabi/lib/thumb/v7e-m+fp/hard\libm.a
END GROUP
START GROUP
LOAD c:/users/simple energy/stm32cubeide_1.6.0/stm32cubeide/plugins/com.st.stm32cube.ide.mcu.externaltools.gnu-tools-for-stm32.9-2020-q2-update.win32_1.5.0.202011040924/tools/bin/../lib/gcc/arm-none-eabi/9.3.1/thumb/v7e-m+fp/hard\libgcc.a
LOAD c:/users/simple energy/stm32cubeide_1.6.0/stm32cubeide/plugins/com.st.stm32cube.ide.mcu.externaltools.gnu-tools-for-stm32.9-2020-q2-update.win32_1.5.0.202011040924/tools/bin/../lib/gcc/arm-none-eabi/9.3.1/../../../../arm-none-eabi/lib/thumb/v7e-m+fp/hard\libc_nano.a
END GROUP
START GROUP
LOAD c:/users/simple energy/stm32cubeide_1.6.0/stm32cubeide/plugins/com.st.stm32cube.ide.mcu.externaltools.gnu-tools-for-stm32.9-2020-q2-update.win32_1.5.0.202011040924/tools/bin/../lib/gcc/arm-none-eabi/9.3.1/thumb/v7e-m+fp/hard\libgcc.a
LOAD c:/users/simple energy/stm32cubeide_1.6.0/stm32cubeide/plugins/com.st.stm32cube.ide.mcu.externaltools.gnu-tools-for-stm32.9-2020-q2-update.win32_1.5.0.202011040924/tools/bin/../lib/gcc/arm-none-eabi/9.3.1/../../../../arm-none-eabi/lib/thumb/v7e-m+fp/hard\libc_nano.a
LOAD c:/users/simple energy/stm32cubeide_1.6.0/stm32cubeide/plugins/com.st.stm32cube.ide.mcu.externaltools.gnu-tools-for-stm32.9-2020-q2-update.win32_1.5.0.202011040924/tools/bin/../lib/gcc/arm-none-eabi/9.3.1/../../../../arm-none-eabi/lib/thumb/v7e-m+fp/hard\libnosys.a
END GROUP
START GROUP
LOAD c:/users/simple energy/stm32cubeide_1.6.0/stm32cubeide/plugins/com.st.stm32cube.ide.mcu.externaltools.gnu-tools-for-stm32.9-2020-q2-update.win32_1.5.0.202011040924/tools/bin/../lib/gcc/arm-none-eabi/9.3.1/thumb/v7e-m+fp/hard\libgcc.a
LOAD c:/users/simple energy/stm32cubeide_1.6.0/stm32cubeide/plugins/com.st.stm32cube.ide.mcu.externaltools.gnu-tools-for-stm32.9-2020-q2-update.win32_1.5.0.202011040924/tools/bin/../lib/gcc/arm-none-eabi/9.3.1/../../../../arm-none-eabi/lib/thumb/v7e-m+fp/hard\libc_nano.a
LOAD c:/users/simple energy/stm32cubeide_1.6.0/stm32cubeide/plugins/com.st.stm32cube.ide.mcu.externaltools.gnu-tools-for-stm32.9-2020-q2-update.win32_1.5.0.202011040924/tools/bin/../lib/gcc/arm-none-eabi/9.3.1/../../../../arm-none-eabi/lib/thumb/v7e-m+fp/hard\libnosys.a
END GROUP
LOAD c:/users/simple energy/stm32cubeide_1.6.0/stm32cubeide/plugins/com.st.stm32cube.ide.mcu.externaltools.gnu-tools-for-stm32.9-2020-q2-update.win32_1.5.0.202011040924/tools/bin/../lib/gcc/arm-none-eabi/9.3.1/thumb/v7e-m+fp/hard/crtend.o
LOAD c:/users/simple energy/stm32cubeide_1.6.0/stm32cubeide/plugins/com.st.stm32cube.ide.mcu.externaltools.gnu-tools-for-stm32.9-2020-q2-update.win32_1.5.0.202011040924/tools/bin/../lib/gcc/arm-none-eabi/9.3.1/thumb/v7e-m+fp/hard/crtn.o
                0x0000000020028000                _estack = (ORIGIN (RAM) + LENGTH (RAM))
                0x0000000000000200                _Min_Heap_Size = 0x200
                0x0000000000000400                _Min_Stack_Size = 0x400

.isr_vector     0x0000000008000000      0x194
                0x0000000008000000                . = ALIGN (0x4)
 *(.isr_vector)
 .isr_vector    0x0000000008000000      0x194 Core/Startup/startup_stm32l452retx.o
                0x0000000008000000                g_pfnVectors
                0x0000000008000194                . = ALIGN (0x4)

.text           0x0000000008000194     0x5fac
                0x0000000008000194                . = ALIGN (0x4)
 *(.text)
 .text          0x0000000008000194       0x40 c:/users/simple energy/stm32cubeide_1.6.0/stm32cubeide/plugins/com.st.stm32cube.ide.mcu.externaltools.gnu-tools-for-stm32.9-2020-q2-update.win32_1.5.0.202011040924/tools/bin/../lib/gcc/arm-none-eabi/9.3.1/thumb/v7e-m+fp/hard/crtbegin.o
 .text          0x00000000080001d4       0x30 c:/users/simple energy/stm32cubeide_1.6.0/stm32cubeide/plugins/com.st.stm32cube.ide.mcu.externaltools.gnu-tools-for-stm32.9-2020-q2-update.win32_1.5.0.202011040924/tools/bin/../lib/gcc/arm-none-eabi/9.3.1/thumb/v7e-m+fp/hard\libgcc.a(_aeabi_uldivmod.o)
                0x00000000080001d4                __aeabi_uldivmod
 .text          0x0000000008000204      0x2c4 c:/users/simple energy/stm32cubeide_1.6.0/stm32cubeide/plugins/com.st.stm32cube.ide.mcu.externaltools.gnu-tools-for-stm32.9-2020-q2-update.win32_1.5.0.202011040924/tools/bin/../lib/gcc/arm-none-eabi/9.3.1/thumb/v7e-m+fp/hard\libgcc.a(_udivmoddi4.o)
                0x0000000008000204                __udivmoddi4
 .text          0x00000000080004c8        0x4 c:/users/simple energy/stm32cubeide_1.6.0/stm32cubeide/plugins/com.st.stm32cube.ide.mcu.externaltools.gnu-tools-for-stm32.9-2020-q2-update.win32_1.5.0.202011040924/tools/bin/../lib/gcc/arm-none-eabi/9.3.1/thumb/v7e-m+fp/hard\libgcc.a(_dvmd_tls.o)
                0x00000000080004c8                __aeabi_idiv0
                0x00000000080004c8                __aeabi_ldiv0
 *(.text*)
 .text.SendOneMessage
                0x00000000080004cc       0x44 Core/Src/J1939.o
                0x00000000080004cc                SendOneMessage
 .text.J1939_DequeueMessage
                0x0000000008000510       0x78 Core/Src/J1939.o
                0x0000000008000510                J1939_DequeueMessage
 .text.J1939_Read_Message
                0x0000000008000588       0x18 Core/Src/J1939.o
                0x0000000008000588                J1939_Read_Message
 .text.J1939_EnqueueMessage
                0x00000000080005a0       0x90 Core/Src/J1939.o
                0x00000000080005a0                J1939_EnqueueMessage
 .text.J1939_Send_Message
                0x0000000008000630       0x18 Core/Src/J1939.o
                0x0000000008000630                J1939_Send_Message
 .text.J1939_Initialization
                0x0000000008000648       0xdc Core/Src/J1939.o
                0x0000000008000648                J1939_Initialization
 .text.J1939_Poll
                0x0000000008000724       0x14 Core/Src/J1939.o
                0x0000000008000724                J1939_Poll
 .text.J1939_Messages_Filter
                0x0000000008000738       0x54 Core/Src/J1939.o
                0x0000000008000738                J1939_Messages_Filter
 .text.J1939_ReceiveMessages
                0x000000000800078c      0x4d8 Core/Src/J1939.o
                0x000000000800078c                J1939_ReceiveMessages
 .text.J1939_TransmitMessages
                0x0000000008000c64       0x88 Core/Src/J1939.o
                0x0000000008000c64                J1939_TransmitMessages
 .text.J1939_TP_DT_Packet_send
                0x0000000008000cec      0x158 Core/Src/J1939.o
                0x0000000008000cec                J1939_TP_DT_Packet_send
 .text.J1939_CM_Start
                0x0000000008000e44       0x98 Core/Src/J1939.o
                0x0000000008000e44                J1939_CM_Start
 .text.J1939_TP_TX_Abort
                0x0000000008000edc       0x7c Core/Src/J1939.o
                0x0000000008000edc                J1939_TP_TX_Abort
 .text.J1939_TP_RX_Abort
                0x0000000008000f58       0x7c Core/Src/J1939.o
                0x0000000008000f58                J1939_TP_RX_Abort
 .text.J1939_TP_TX_RefreshCMTimer
                0x0000000008000fd4       0x60 Core/Src/J1939.o
                0x0000000008000fd4                J1939_TP_TX_RefreshCMTimer
 .text.J1939_TP_RX_RefreshCMTimer
                0x0000000008001034       0x54 Core/Src/J1939.o
                0x0000000008001034                J1939_TP_RX_RefreshCMTimer
 .text.J1939_read_DT_Packet
                0x0000000008001088      0x174 Core/Src/J1939.o
                0x0000000008001088                J1939_read_DT_Packet
 .text.J1939_TP_Poll
                0x00000000080011fc      0x150 Core/Src/J1939.o
                0x00000000080011fc                J1939_TP_Poll
 .text.J1939_TP_TX_Message
                0x000000000800134c       0xec Core/Src/J1939.o
                0x000000000800134c                J1939_TP_TX_Message
 .text.J1939_Response
                0x0000000008001438      0x30c Core/Src/J1939.o
                0x0000000008001438                J1939_Response
 .text.J1939_SetAddressFilter
                0x0000000008001744        0xc Core/Src/J1939_Config.o
                0x0000000008001744                J1939_SetAddressFilter
 .text.J1939_CAN_Transmit
                0x0000000008001750       0xac Core/Src/J1939_Config.o
                0x0000000008001750                J1939_CAN_Transmit
 .text.J1939_CAN_Receive
                0x00000000080017fc      0x110 Core/Src/J1939_Config.o
                0x00000000080017fc                J1939_CAN_Receive
 .text.can_fil_config
                0x000000000800190c       0x74 Core/Src/fun.o
                0x000000000800190c                can_fil_config
 .text.HAL_CAN_TxMailbox0CompleteCallback
                0x0000000008001980       0x34 Core/Src/fun.o
                0x0000000008001980                HAL_CAN_TxMailbox0CompleteCallback
 .text.HAL_CAN_TxMailbox1CompleteCallback
                0x00000000080019b4       0x34 Core/Src/fun.o
                0x00000000080019b4                HAL_CAN_TxMailbox1CompleteCallback
 .text.HAL_CAN_TxMailbox2CompleteCallback
                0x00000000080019e8       0x34 Core/Src/fun.o
                0x00000000080019e8                HAL_CAN_TxMailbox2CompleteCallback
 .text.HAL_CAN_RxFifo0MsgPendingCallback
                0x0000000008001a1c       0x50 Core/Src/fun.o
                0x0000000008001a1c                HAL_CAN_RxFifo0MsgPendingCallback
 .text.HAL_CAN_ErrorCallback
                0x0000000008001a6c       0x34 Core/Src/fun.o
                0x0000000008001a6c                HAL_CAN_ErrorCallback
 .text.__NVIC_ClearPendingIRQ
                0x0000000008001aa0       0x3c Core/Src/main.o
 .text.sendMsg_KEYINFO
                0x0000000008001adc       0x68 Core/Src/main.o
                0x0000000008001adc                sendMsg_KEYINFO
 .text.sendMsg_MOTORCONTROLLERCOMMANDS
                0x0000000008001b44       0x80 Core/Src/main.o
                0x0000000008001b44                sendMsg_MOTORCONTROLLERCOMMANDS
 .text.sendMsg_SWITCHINFO
                0x0000000008001bc4       0x70 Core/Src/main.o
                0x0000000008001bc4                sendMsg_SWITCHINFO
 .text.readMsg  0x0000000008001c34       0x64 Core/Src/main.o
                0x0000000008001c34                readMsg
 .text.main     0x0000000008001c98       0x9c Core/Src/main.o
                0x0000000008001c98                main
 .text.SystemClock_Config
                0x0000000008001d34       0xd8 Core/Src/main.o
                0x0000000008001d34                SystemClock_Config
 .text.MX_CAN1_Init
                0x0000000008001e0c       0x6c Core/Src/main.o
 .text.MX_TIM6_Init
                0x0000000008001e78       0x70 Core/Src/main.o
 .text.MX_TIM16_Init
                0x0000000008001ee8       0x4c Core/Src/main.o
 .text.MX_USART3_UART_Init
                0x0000000008001f34       0x60 Core/Src/main.o
 .text.MX_GPIO_Init
                0x0000000008001f94       0xe0 Core/Src/main.o
 .text.HAL_TIM_PeriodElapsedCallback
                0x0000000008002074       0x3c Core/Src/main.o
                0x0000000008002074                HAL_TIM_PeriodElapsedCallback
 .text.HAL_GPIO_EXTI_Callback
                0x00000000080020b0       0x90 Core/Src/main.o
                0x00000000080020b0                HAL_GPIO_EXTI_Callback
 .text.Error_Handler
                0x0000000008002140        0xa Core/Src/main.o
                0x0000000008002140                Error_Handler
 *fill*         0x000000000800214a        0x2 
 .text.HAL_MspInit
                0x000000000800214c       0x48 Core/Src/stm32l4xx_hal_msp.o
                0x000000000800214c                HAL_MspInit
 .text.HAL_CAN_MspInit
                0x0000000008002194       0xc8 Core/Src/stm32l4xx_hal_msp.o
                0x0000000008002194                HAL_CAN_MspInit
 .text.HAL_TIM_Base_MspInit
                0x000000000800225c       0x84 Core/Src/stm32l4xx_hal_msp.o
                0x000000000800225c                HAL_TIM_Base_MspInit
 .text.HAL_UART_MspInit
                0x00000000080022e0       0x98 Core/Src/stm32l4xx_hal_msp.o
                0x00000000080022e0                HAL_UART_MspInit
 .text.NMI_Handler
                0x0000000008002378        0x6 Core/Src/stm32l4xx_it.o
                0x0000000008002378                NMI_Handler
 .text.HardFault_Handler
                0x000000000800237e        0x6 Core/Src/stm32l4xx_it.o
                0x000000000800237e                HardFault_Handler
 .text.MemManage_Handler
                0x0000000008002384        0x6 Core/Src/stm32l4xx_it.o
                0x0000000008002384                MemManage_Handler
 .text.BusFault_Handler
                0x000000000800238a        0x6 Core/Src/stm32l4xx_it.o
                0x000000000800238a                BusFault_Handler
 .text.UsageFault_Handler
                0x0000000008002390        0x6 Core/Src/stm32l4xx_it.o
                0x0000000008002390                UsageFault_Handler
 .text.SVC_Handler
                0x0000000008002396        0xe Core/Src/stm32l4xx_it.o
                0x0000000008002396                SVC_Handler
 .text.DebugMon_Handler
                0x00000000080023a4        0xe Core/Src/stm32l4xx_it.o
                0x00000000080023a4                DebugMon_Handler
 .text.PendSV_Handler
                0x00000000080023b2        0xe Core/Src/stm32l4xx_it.o
                0x00000000080023b2                PendSV_Handler
 .text.SysTick_Handler
                0x00000000080023c0        0xc Core/Src/stm32l4xx_it.o
                0x00000000080023c0                SysTick_Handler
 .text.EXTI1_IRQHandler
                0x00000000080023cc        0xe Core/Src/stm32l4xx_it.o
                0x00000000080023cc                EXTI1_IRQHandler
 *fill*         0x00000000080023da        0x2 
 .text.CAN1_TX_IRQHandler
                0x00000000080023dc       0x14 Core/Src/stm32l4xx_it.o
                0x00000000080023dc                CAN1_TX_IRQHandler
 .text.CAN1_RX0_IRQHandler
                0x00000000080023f0       0x14 Core/Src/stm32l4xx_it.o
                0x00000000080023f0                CAN1_RX0_IRQHandler
 .text.CAN1_RX1_IRQHandler
                0x0000000008002404       0x14 Core/Src/stm32l4xx_it.o
                0x0000000008002404                CAN1_RX1_IRQHandler
 .text.CAN1_SCE_IRQHandler
                0x0000000008002418       0x14 Core/Src/stm32l4xx_it.o
                0x0000000008002418                CAN1_SCE_IRQHandler
 .text.TIM1_UP_TIM16_IRQHandler
                0x000000000800242c       0x14 Core/Src/stm32l4xx_it.o
                0x000000000800242c                TIM1_UP_TIM16_IRQHandler
 .text.USART3_IRQHandler
                0x0000000008002440       0x14 Core/Src/stm32l4xx_it.o
                0x0000000008002440                USART3_IRQHandler
 .text.TIM6_DAC_IRQHandler
                0x0000000008002454       0x14 Core/Src/stm32l4xx_it.o
                0x0000000008002454                TIM6_DAC_IRQHandler
 .text.SystemInit
                0x0000000008002468       0x64 Core/Src/system_stm32l4xx.o
                0x0000000008002468                SystemInit
 .text.Reset_Handler
                0x00000000080024cc       0x50 Core/Startup/startup_stm32l452retx.o
                0x00000000080024cc                Reset_Handler
 .text.Default_Handler
                0x000000000800251c        0x2 Core/Startup/startup_stm32l452retx.o
                0x000000000800251c                RTC_Alarm_IRQHandler
                0x000000000800251c                EXTI2_IRQHandler
                0x000000000800251c                TIM1_CC_IRQHandler
                0x000000000800251c                TSC_IRQHandler
                0x000000000800251c                TAMP_STAMP_IRQHandler
                0x000000000800251c                EXTI3_IRQHandler
                0x000000000800251c                LPTIM2_IRQHandler
                0x000000000800251c                DFSDM1_FLT1_IRQHandler
                0x000000000800251c                I2C3_ER_IRQHandler
                0x000000000800251c                EXTI0_IRQHandler
                0x000000000800251c                I2C2_EV_IRQHandler
                0x000000000800251c                FPU_IRQHandler
                0x000000000800251c                SPI1_IRQHandler
                0x000000000800251c                DMA2_Channel2_IRQHandler
                0x000000000800251c                DMA1_Channel4_IRQHandler
                0x000000000800251c                ADC1_IRQHandler
                0x000000000800251c                DMA1_Channel7_IRQHandler
                0x000000000800251c                DMA2_Channel1_IRQHandler
                0x000000000800251c                QUADSPI_IRQHandler
                0x000000000800251c                I2C1_EV_IRQHandler
                0x000000000800251c                DMA1_Channel6_IRQHandler
                0x000000000800251c                UART4_IRQHandler
                0x000000000800251c                DMA2_Channel4_IRQHandler
                0x000000000800251c                TIM3_IRQHandler
                0x000000000800251c                RCC_IRQHandler
                0x000000000800251c                TIM1_TRG_COM_IRQHandler
                0x000000000800251c                DMA1_Channel1_IRQHandler
                0x000000000800251c                Default_Handler
                0x000000000800251c                DMA2_Channel7_IRQHandler
                0x000000000800251c                EXTI15_10_IRQHandler
                0x000000000800251c                SDMMC1_IRQHandler
                0x000000000800251c                I2C3_EV_IRQHandler
                0x000000000800251c                USB_IRQHandler
                0x000000000800251c                EXTI9_5_IRQHandler
                0x000000000800251c                RTC_WKUP_IRQHandler
                0x000000000800251c                PVD_PVM_IRQHandler
                0x000000000800251c                SPI2_IRQHandler
                0x000000000800251c                DMA2_Channel5_IRQHandler
                0x000000000800251c                CRS_IRQHandler
                0x000000000800251c                DMA1_Channel5_IRQHandler
                0x000000000800251c                EXTI4_IRQHandler
                0x000000000800251c                RNG_IRQHandler
                0x000000000800251c                DMA1_Channel3_IRQHandler
                0x000000000800251c                COMP_IRQHandler
                0x000000000800251c                WWDG_IRQHandler
                0x000000000800251c                I2C4_EV_IRQHandler
                0x000000000800251c                LPUART1_IRQHandler
                0x000000000800251c                DMA2_Channel6_IRQHandler
                0x000000000800251c                TIM2_IRQHandler
                0x000000000800251c                USART2_IRQHandler
                0x000000000800251c                DFSDM1_FLT0_IRQHandler
                0x000000000800251c                I2C2_ER_IRQHandler
                0x000000000800251c                DMA1_Channel2_IRQHandler
                0x000000000800251c                FLASH_IRQHandler
                0x000000000800251c                USART1_IRQHandler
                0x000000000800251c                SPI3_IRQHandler
                0x000000000800251c                I2C1_ER_IRQHandler
                0x000000000800251c                LPTIM1_IRQHandler
                0x000000000800251c                I2C4_ER_IRQHandler
                0x000000000800251c                SAI1_IRQHandler
                0x000000000800251c                DMA2_Channel3_IRQHandler
                0x000000000800251c                TIM1_BRK_TIM15_IRQHandler
 .text.HAL_Init
                0x000000000800251e       0x30 Drivers/STM32L4xx_HAL_Driver/Src/stm32l4xx_hal.o
                0x000000000800251e                HAL_Init
 *fill*         0x000000000800254e        0x2 
 .text.HAL_InitTick
                0x0000000008002550       0x78 Drivers/STM32L4xx_HAL_Driver/Src/stm32l4xx_hal.o
                0x0000000008002550                HAL_InitTick
 .text.HAL_IncTick
                0x00000000080025c8       0x28 Drivers/STM32L4xx_HAL_Driver/Src/stm32l4xx_hal.o
                0x00000000080025c8                HAL_IncTick
 .text.HAL_GetTick
                0x00000000080025f0       0x18 Drivers/STM32L4xx_HAL_Driver/Src/stm32l4xx_hal.o
                0x00000000080025f0                HAL_GetTick
 .text.HAL_Delay
                0x0000000008002608       0x48 Drivers/STM32L4xx_HAL_Driver/Src/stm32l4xx_hal.o
                0x0000000008002608                HAL_Delay
 .text.HAL_CAN_Init
                0x0000000008002650      0x28c Drivers/STM32L4xx_HAL_Driver/Src/stm32l4xx_hal_can.o
                0x0000000008002650                HAL_CAN_Init
 .text.HAL_CAN_ConfigFilter
                0x00000000080028dc      0x194 Drivers/STM32L4xx_HAL_Driver/Src/stm32l4xx_hal_can.o
                0x00000000080028dc                HAL_CAN_ConfigFilter
 .text.HAL_CAN_Start
                0x0000000008002a70       0x88 Drivers/STM32L4xx_HAL_Driver/Src/stm32l4xx_hal_can.o
                0x0000000008002a70                HAL_CAN_Start
 .text.HAL_CAN_AddTxMessage
                0x0000000008002af8      0x1b6 Drivers/STM32L4xx_HAL_Driver/Src/stm32l4xx_hal_can.o
                0x0000000008002af8                HAL_CAN_AddTxMessage
 .text.HAL_CAN_GetRxMessage
                0x0000000008002cae      0x224 Drivers/STM32L4xx_HAL_Driver/Src/stm32l4xx_hal_can.o
                0x0000000008002cae                HAL_CAN_GetRxMessage
 .text.HAL_CAN_IRQHandler
                0x0000000008002ed2      0x38a Drivers/STM32L4xx_HAL_Driver/Src/stm32l4xx_hal_can.o
                0x0000000008002ed2                HAL_CAN_IRQHandler
 .text.HAL_CAN_TxMailbox0AbortCallback
                0x000000000800325c       0x14 Drivers/STM32L4xx_HAL_Driver/Src/stm32l4xx_hal_can.o
                0x000000000800325c                HAL_CAN_TxMailbox0AbortCallback
 .text.HAL_CAN_TxMailbox1AbortCallback
                0x0000000008003270       0x14 Drivers/STM32L4xx_HAL_Driver/Src/stm32l4xx_hal_can.o
                0x0000000008003270                HAL_CAN_TxMailbox1AbortCallback
 .text.HAL_CAN_TxMailbox2AbortCallback
                0x0000000008003284       0x14 Drivers/STM32L4xx_HAL_Driver/Src/stm32l4xx_hal_can.o
                0x0000000008003284                HAL_CAN_TxMailbox2AbortCallback
 .text.HAL_CAN_RxFifo0FullCallback
                0x0000000008003298       0x14 Drivers/STM32L4xx_HAL_Driver/Src/stm32l4xx_hal_can.o
                0x0000000008003298                HAL_CAN_RxFifo0FullCallback
 .text.HAL_CAN_RxFifo1MsgPendingCallback
                0x00000000080032ac       0x14 Drivers/STM32L4xx_HAL_Driver/Src/stm32l4xx_hal_can.o
                0x00000000080032ac                HAL_CAN_RxFifo1MsgPendingCallback
 .text.HAL_CAN_RxFifo1FullCallback
                0x00000000080032c0       0x14 Drivers/STM32L4xx_HAL_Driver/Src/stm32l4xx_hal_can.o
                0x00000000080032c0                HAL_CAN_RxFifo1FullCallback
 .text.HAL_CAN_SleepCallback
                0x00000000080032d4       0x14 Drivers/STM32L4xx_HAL_Driver/Src/stm32l4xx_hal_can.o
                0x00000000080032d4                HAL_CAN_SleepCallback
 .text.HAL_CAN_WakeUpFromRxMsgCallback
                0x00000000080032e8       0x14 Drivers/STM32L4xx_HAL_Driver/Src/stm32l4xx_hal_can.o
                0x00000000080032e8                HAL_CAN_WakeUpFromRxMsgCallback
 .text.__NVIC_SetPriorityGrouping
                0x00000000080032fc       0x48 Drivers/STM32L4xx_HAL_Driver/Src/stm32l4xx_hal_cortex.o
 .text.__NVIC_GetPriorityGrouping
                0x0000000008003344       0x1c Drivers/STM32L4xx_HAL_Driver/Src/stm32l4xx_hal_cortex.o
 .text.__NVIC_EnableIRQ
                0x0000000008003360       0x3c Drivers/STM32L4xx_HAL_Driver/Src/stm32l4xx_hal_cortex.o
 .text.__NVIC_SetPriority
                0x000000000800339c       0x54 Drivers/STM32L4xx_HAL_Driver/Src/stm32l4xx_hal_cortex.o
 .text.NVIC_EncodePriority
                0x00000000080033f0       0x66 Drivers/STM32L4xx_HAL_Driver/Src/stm32l4xx_hal_cortex.o
 *fill*         0x0000000008003456        0x2 
 .text.SysTick_Config
                0x0000000008003458       0x44 Drivers/STM32L4xx_HAL_Driver/Src/stm32l4xx_hal_cortex.o
 .text.HAL_NVIC_SetPriorityGrouping
                0x000000000800349c       0x16 Drivers/STM32L4xx_HAL_Driver/Src/stm32l4xx_hal_cortex.o
                0x000000000800349c                HAL_NVIC_SetPriorityGrouping
 .text.HAL_NVIC_SetPriority
                0x00000000080034b2       0x38 Drivers/STM32L4xx_HAL_Driver/Src/stm32l4xx_hal_cortex.o
                0x00000000080034b2                HAL_NVIC_SetPriority
 .text.HAL_NVIC_EnableIRQ
                0x00000000080034ea       0x1c Drivers/STM32L4xx_HAL_Driver/Src/stm32l4xx_hal_cortex.o
                0x00000000080034ea                HAL_NVIC_EnableIRQ
 .text.HAL_SYSTICK_Config
                0x0000000008003506       0x18 Drivers/STM32L4xx_HAL_Driver/Src/stm32l4xx_hal_cortex.o
                0x0000000008003506                HAL_SYSTICK_Config
 .text.HAL_DMA_Abort
                0x000000000800351e       0x7c Drivers/STM32L4xx_HAL_Driver/Src/stm32l4xx_hal_dma.o
                0x000000000800351e                HAL_DMA_Abort
 .text.HAL_DMA_Abort_IT
                0x000000000800359a       0x82 Drivers/STM32L4xx_HAL_Driver/Src/stm32l4xx_hal_dma.o
                0x000000000800359a                HAL_DMA_Abort_IT
 .text.HAL_GPIO_Init
                0x000000000800361c      0x2f4 Drivers/STM32L4xx_HAL_Driver/Src/stm32l4xx_hal_gpio.o
                0x000000000800361c                HAL_GPIO_Init
 .text.HAL_GPIO_WritePin
                0x0000000008003910       0x30 Drivers/STM32L4xx_HAL_Driver/Src/stm32l4xx_hal_gpio.o
                0x0000000008003910                HAL_GPIO_WritePin
 .text.HAL_GPIO_EXTI_IRQHandler
                0x0000000008003940       0x30 Drivers/STM32L4xx_HAL_Driver/Src/stm32l4xx_hal_gpio.o
                0x0000000008003940                HAL_GPIO_EXTI_IRQHandler
 .text.HAL_PWREx_GetVoltageRange
                0x0000000008003970       0x1c Drivers/STM32L4xx_HAL_Driver/Src/stm32l4xx_hal_pwr_ex.o
                0x0000000008003970                HAL_PWREx_GetVoltageRange
 .text.HAL_PWREx_ControlVoltageScaling
                0x000000000800398c       0xac Drivers/STM32L4xx_HAL_Driver/Src/stm32l4xx_hal_pwr_ex.o
                0x000000000800398c                HAL_PWREx_ControlVoltageScaling
 .text.HAL_RCC_OscConfig
                0x0000000008003a38      0x840 Drivers/STM32L4xx_HAL_Driver/Src/stm32l4xx_hal_rcc.o
                0x0000000008003a38                HAL_RCC_OscConfig
 .text.HAL_RCC_ClockConfig
                0x0000000008004278      0x1c4 Drivers/STM32L4xx_HAL_Driver/Src/stm32l4xx_hal_rcc.o
                0x0000000008004278                HAL_RCC_ClockConfig
 .text.HAL_RCC_GetSysClockFreq
                0x000000000800443c      0x118 Drivers/STM32L4xx_HAL_Driver/Src/stm32l4xx_hal_rcc.o
                0x000000000800443c                HAL_RCC_GetSysClockFreq
 .text.HAL_RCC_GetHCLKFreq
                0x0000000008004554       0x18 Drivers/STM32L4xx_HAL_Driver/Src/stm32l4xx_hal_rcc.o
                0x0000000008004554                HAL_RCC_GetHCLKFreq
 .text.HAL_RCC_GetPCLK1Freq
                0x000000000800456c       0x2c Drivers/STM32L4xx_HAL_Driver/Src/stm32l4xx_hal_rcc.o
                0x000000000800456c                HAL_RCC_GetPCLK1Freq
 .text.HAL_RCC_GetPCLK2Freq
                0x0000000008004598       0x2c Drivers/STM32L4xx_HAL_Driver/Src/stm32l4xx_hal_rcc.o
                0x0000000008004598                HAL_RCC_GetPCLK2Freq
 .text.RCC_SetFlashLatencyFromMSIRange
                0x00000000080045c4       0xc0 Drivers/STM32L4xx_HAL_Driver/Src/stm32l4xx_hal_rcc.o
 .text.HAL_RCCEx_PeriphCLKConfig
                0x0000000008004684      0x4d8 Drivers/STM32L4xx_HAL_Driver/Src/stm32l4xx_hal_rcc_ex.o
                0x0000000008004684                HAL_RCCEx_PeriphCLKConfig
 .text.RCCEx_PLLSAI1_Config
                0x0000000008004b5c      0x1e4 Drivers/STM32L4xx_HAL_Driver/Src/stm32l4xx_hal_rcc_ex.o
 .text.HAL_TIM_Base_Init
                0x0000000008004d40       0xae Drivers/STM32L4xx_HAL_Driver/Src/stm32l4xx_hal_tim.o
                0x0000000008004d40                HAL_TIM_Base_Init
 .text.HAL_TIM_IRQHandler
                0x0000000008004dee      0x23e Drivers/STM32L4xx_HAL_Driver/Src/stm32l4xx_hal_tim.o
                0x0000000008004dee                HAL_TIM_IRQHandler
 .text.HAL_TIM_OC_DelayElapsedCallback
                0x000000000800502c       0x14 Drivers/STM32L4xx_HAL_Driver/Src/stm32l4xx_hal_tim.o
                0x000000000800502c                HAL_TIM_OC_DelayElapsedCallback
 .text.HAL_TIM_IC_CaptureCallback
                0x0000000008005040       0x14 Drivers/STM32L4xx_HAL_Driver/Src/stm32l4xx_hal_tim.o
                0x0000000008005040                HAL_TIM_IC_CaptureCallback
 .text.HAL_TIM_PWM_PulseFinishedCallback
                0x0000000008005054       0x14 Drivers/STM32L4xx_HAL_Driver/Src/stm32l4xx_hal_tim.o
                0x0000000008005054                HAL_TIM_PWM_PulseFinishedCallback
 .text.HAL_TIM_TriggerCallback
                0x0000000008005068       0x14 Drivers/STM32L4xx_HAL_Driver/Src/stm32l4xx_hal_tim.o
                0x0000000008005068                HAL_TIM_TriggerCallback
 .text.TIM_Base_SetConfig
                0x000000000800507c       0xdc Drivers/STM32L4xx_HAL_Driver/Src/stm32l4xx_hal_tim.o
                0x000000000800507c                TIM_Base_SetConfig
 .text.HAL_TIMEx_MasterConfigSynchronization
                0x0000000008005158       0xdc Drivers/STM32L4xx_HAL_Driver/Src/stm32l4xx_hal_tim_ex.o
                0x0000000008005158                HAL_TIMEx_MasterConfigSynchronization
 .text.HAL_TIMEx_CommutCallback
                0x0000000008005234       0x14 Drivers/STM32L4xx_HAL_Driver/Src/stm32l4xx_hal_tim_ex.o
                0x0000000008005234                HAL_TIMEx_CommutCallback
 .text.HAL_TIMEx_BreakCallback
                0x0000000008005248       0x14 Drivers/STM32L4xx_HAL_Driver/Src/stm32l4xx_hal_tim_ex.o
                0x0000000008005248                HAL_TIMEx_BreakCallback
 .text.HAL_TIMEx_Break2Callback
                0x000000000800525c       0x14 Drivers/STM32L4xx_HAL_Driver/Src/stm32l4xx_hal_tim_ex.o
                0x000000000800525c                HAL_TIMEx_Break2Callback
 .text.HAL_UART_Init
                0x0000000008005270       0x9c Drivers/STM32L4xx_HAL_Driver/Src/stm32l4xx_hal_uart.o
                0x0000000008005270                HAL_UART_Init
 .text.HAL_UART_Transmit
                0x000000000800530c      0x128 Drivers/STM32L4xx_HAL_Driver/Src/stm32l4xx_hal_uart.o
                0x000000000800530c                HAL_UART_Transmit
 .text.HAL_UART_IRQHandler
                0x0000000008005434      0x404 Drivers/STM32L4xx_HAL_Driver/Src/stm32l4xx_hal_uart.o
                0x0000000008005434                HAL_UART_IRQHandler
 .text.HAL_UART_TxCpltCallback
                0x0000000008005838       0x14 Drivers/STM32L4xx_HAL_Driver/Src/stm32l4xx_hal_uart.o
                0x0000000008005838                HAL_UART_TxCpltCallback
 .text.HAL_UART_ErrorCallback
                0x000000000800584c       0x14 Drivers/STM32L4xx_HAL_Driver/Src/stm32l4xx_hal_uart.o
                0x000000000800584c                HAL_UART_ErrorCallback
 .text.HAL_UARTEx_RxEventCallback
                0x0000000008005860       0x18 Drivers/STM32L4xx_HAL_Driver/Src/stm32l4xx_hal_uart.o
                0x0000000008005860                HAL_UARTEx_RxEventCallback
 .text.UART_SetConfig
                0x0000000008005878      0x4b8 Drivers/STM32L4xx_HAL_Driver/Src/stm32l4xx_hal_uart.o
                0x0000000008005878                UART_SetConfig
 .text.UART_AdvFeatureConfig
                0x0000000008005d30      0x144 Drivers/STM32L4xx_HAL_Driver/Src/stm32l4xx_hal_uart.o
                0x0000000008005d30                UART_AdvFeatureConfig
 .text.UART_CheckIdleState
                0x0000000008005e74       0x92 Drivers/STM32L4xx_HAL_Driver/Src/stm32l4xx_hal_uart.o
                0x0000000008005e74                UART_CheckIdleState
 .text.UART_WaitOnFlagUntilTimeout
                0x0000000008005f06       0xf8 Drivers/STM32L4xx_HAL_Driver/Src/stm32l4xx_hal_uart.o
                0x0000000008005f06                UART_WaitOnFlagUntilTimeout
 .text.UART_EndRxTransfer
                0x0000000008005ffe       0x5e Drivers/STM32L4xx_HAL_Driver/Src/stm32l4xx_hal_uart.o
 .text.UART_DMAAbortOnError
                0x000000000800605c       0x2c Drivers/STM32L4xx_HAL_Driver/Src/stm32l4xx_hal_uart.o
 .text.UART_EndTransmit_IT
                0x0000000008006088       0x32 Drivers/STM32L4xx_HAL_Driver/Src/stm32l4xx_hal_uart.o
 .text.HAL_UARTEx_WakeupCallback
                0x00000000080060ba       0x14 Drivers/STM32L4xx_HAL_Driver/Src/stm32l4xx_hal_uart_ex.o
                0x00000000080060ba                HAL_UARTEx_WakeupCallback
 *fill*         0x00000000080060ce        0x2 
 .text.__libc_init_array
                0x00000000080060d0       0x48 c:/users/simple energy/stm32cubeide_1.6.0/stm32cubeide/plugins/com.st.stm32cube.ide.mcu.externaltools.gnu-tools-for-stm32.9-2020-q2-update.win32_1.5.0.202011040924/tools/bin/../lib/gcc/arm-none-eabi/9.3.1/../../../../arm-none-eabi/lib/thumb/v7e-m+fp/hard\libc_nano.a(lib_a-init.o)
                0x00000000080060d0                __libc_init_array
 .text.memset   0x0000000008006118       0x10 c:/users/simple energy/stm32cubeide_1.6.0/stm32cubeide/plugins/com.st.stm32cube.ide.mcu.externaltools.gnu-tools-for-stm32.9-2020-q2-update.win32_1.5.0.202011040924/tools/bin/../lib/gcc/arm-none-eabi/9.3.1/../../../../arm-none-eabi/lib/thumb/v7e-m+fp/hard\libc_nano.a(lib_a-memset.o)
                0x0000000008006118                memset
 *(.glue_7)
 .glue_7        0x0000000008006128        0x0 linker stubs
 *(.glue_7t)
 .glue_7t       0x0000000008006128        0x0 linker stubs
 *(.eh_frame)
 .eh_frame      0x0000000008006128        0x0 c:/users/simple energy/stm32cubeide_1.6.0/stm32cubeide/plugins/com.st.stm32cube.ide.mcu.externaltools.gnu-tools-for-stm32.9-2020-q2-update.win32_1.5.0.202011040924/tools/bin/../lib/gcc/arm-none-eabi/9.3.1/thumb/v7e-m+fp/hard/crtbegin.o
 *(.init)
 .init          0x0000000008006128        0x4 c:/users/simple energy/stm32cubeide_1.6.0/stm32cubeide/plugins/com.st.stm32cube.ide.mcu.externaltools.gnu-tools-for-stm32.9-2020-q2-update.win32_1.5.0.202011040924/tools/bin/../lib/gcc/arm-none-eabi/9.3.1/thumb/v7e-m+fp/hard/crti.o
                0x0000000008006128                _init
 .init          0x000000000800612c        0x8 c:/users/simple energy/stm32cubeide_1.6.0/stm32cubeide/plugins/com.st.stm32cube.ide.mcu.externaltools.gnu-tools-for-stm32.9-2020-q2-update.win32_1.5.0.202011040924/tools/bin/../lib/gcc/arm-none-eabi/9.3.1/thumb/v7e-m+fp/hard/crtn.o
 *(.fini)
 .fini          0x0000000008006134        0x4 c:/users/simple energy/stm32cubeide_1.6.0/stm32cubeide/plugins/com.st.stm32cube.ide.mcu.externaltools.gnu-tools-for-stm32.9-2020-q2-update.win32_1.5.0.202011040924/tools/bin/../lib/gcc/arm-none-eabi/9.3.1/thumb/v7e-m+fp/hard/crti.o
                0x0000000008006134                _fini
 .fini          0x0000000008006138        0x8 c:/users/simple energy/stm32cubeide_1.6.0/stm32cubeide/plugins/com.st.stm32cube.ide.mcu.externaltools.gnu-tools-for-stm32.9-2020-q2-update.win32_1.5.0.202011040924/tools/bin/../lib/gcc/arm-none-eabi/9.3.1/thumb/v7e-m+fp/hard/crtn.o
                0x0000000008006140                . = ALIGN (0x4)
                0x0000000008006140                _etext = .

.vfp11_veneer   0x0000000008006140        0x0
 .vfp11_veneer  0x0000000008006140        0x0 linker stubs

.v4_bx          0x0000000008006140        0x0
 .v4_bx         0x0000000008006140        0x0 linker stubs

.iplt           0x0000000008006140        0x0
 .iplt          0x0000000008006140        0x0 c:/users/simple energy/stm32cubeide_1.6.0/stm32cubeide/plugins/com.st.stm32cube.ide.mcu.externaltools.gnu-tools-for-stm32.9-2020-q2-update.win32_1.5.0.202011040924/tools/bin/../lib/gcc/arm-none-eabi/9.3.1/thumb/v7e-m+fp/hard/crtbegin.o

.rodata         0x0000000008006140      0x110
                0x0000000008006140                . = ALIGN (0x4)
 *(.rodata)
 .rodata        0x0000000008006140       0x75 Core/Src/fun.o
 *fill*         0x00000000080061b5        0x3 
 .rodata        0x00000000080061b8       0x4d Core/Src/main.o
 *(.rodata*)
 *fill*         0x0000000008006205        0x3 
 .rodata.AHBPrescTable
                0x0000000008006208       0x10 Core/Src/system_stm32l4xx.o
                0x0000000008006208                AHBPrescTable
 .rodata.APBPrescTable
                0x0000000008006218        0x8 Core/Src/system_stm32l4xx.o
                0x0000000008006218                APBPrescTable
 .rodata.MSIRangeTable
                0x0000000008006220       0x30 Core/Src/system_stm32l4xx.o
                0x0000000008006220                MSIRangeTable
                0x0000000008006250                . = ALIGN (0x4)

.ARM.extab      0x0000000008006250        0x0
                0x0000000008006250                . = ALIGN (0x4)
 *(.ARM.extab* .gnu.linkonce.armextab.*)
                0x0000000008006250                . = ALIGN (0x4)

.ARM            0x0000000008006250        0x8
                0x0000000008006250                . = ALIGN (0x4)
                0x0000000008006250                __exidx_start = .
 *(.ARM.exidx*)
 .ARM.exidx     0x0000000008006250        0x8 c:/users/simple energy/stm32cubeide_1.6.0/stm32cubeide/plugins/com.st.stm32cube.ide.mcu.externaltools.gnu-tools-for-stm32.9-2020-q2-update.win32_1.5.0.202011040924/tools/bin/../lib/gcc/arm-none-eabi/9.3.1/thumb/v7e-m+fp/hard\libgcc.a(_udivmoddi4.o)
                0x0000000008006258                __exidx_end = .
                0x0000000008006258                . = ALIGN (0x4)

.rel.dyn        0x0000000008006258        0x0
 .rel.iplt      0x0000000008006258        0x0 c:/users/simple energy/stm32cubeide_1.6.0/stm32cubeide/plugins/com.st.stm32cube.ide.mcu.externaltools.gnu-tools-for-stm32.9-2020-q2-update.win32_1.5.0.202011040924/tools/bin/../lib/gcc/arm-none-eabi/9.3.1/thumb/v7e-m+fp/hard/crtbegin.o

.preinit_array  0x0000000008006258        0x0
                0x0000000008006258                . = ALIGN (0x4)
                0x0000000008006258                PROVIDE (__preinit_array_start = .)
 *(.preinit_array*)
                0x0000000008006258                PROVIDE (__preinit_array_end = .)
                0x0000000008006258                . = ALIGN (0x4)

.init_array     0x0000000008006258        0x4
                0x0000000008006258                . = ALIGN (0x4)
                0x0000000008006258                PROVIDE (__init_array_start = .)
 *(SORT_BY_NAME(.init_array.*))
 *(.init_array*)
 .init_array    0x0000000008006258        0x4 c:/users/simple energy/stm32cubeide_1.6.0/stm32cubeide/plugins/com.st.stm32cube.ide.mcu.externaltools.gnu-tools-for-stm32.9-2020-q2-update.win32_1.5.0.202011040924/tools/bin/../lib/gcc/arm-none-eabi/9.3.1/thumb/v7e-m+fp/hard/crtbegin.o
                0x000000000800625c                PROVIDE (__init_array_end = .)
                0x000000000800625c                . = ALIGN (0x4)

.fini_array     0x000000000800625c        0x4
                0x000000000800625c                . = ALIGN (0x4)
                [!provide]                        PROVIDE (__fini_array_start = .)
 *(SORT_BY_NAME(.fini_array.*))
 *(.fini_array*)
 .fini_array    0x000000000800625c        0x4 c:/users/simple energy/stm32cubeide_1.6.0/stm32cubeide/plugins/com.st.stm32cube.ide.mcu.externaltools.gnu-tools-for-stm32.9-2020-q2-update.win32_1.5.0.202011040924/tools/bin/../lib/gcc/arm-none-eabi/9.3.1/thumb/v7e-m+fp/hard/crtbegin.o
                [!provide]                        PROVIDE (__fini_array_end = .)
                0x0000000008006260                . = ALIGN (0x4)
                0x0000000008006260                _sidata = LOADADDR (.data)

.data           0x0000000020000000       0x10 load address 0x0000000008006260
                0x0000000020000000                . = ALIGN (0x4)
                0x0000000020000000                _sdata = .
 *(.data)
 *(.data*)
 .data.flag1    0x0000000020000000        0x1 Core/Src/main.o
                0x0000000020000000                flag1
 .data.flag2    0x0000000020000001        0x1 Core/Src/main.o
                0x0000000020000001                flag2
 *fill*         0x0000000020000002        0x2 
 .data.SystemCoreClock
                0x0000000020000004        0x4 Core/Src/system_stm32l4xx.o
                0x0000000020000004                SystemCoreClock
 .data.uwTickPrio
                0x0000000020000008        0x4 Drivers/STM32L4xx_HAL_Driver/Src/stm32l4xx_hal.o
                0x0000000020000008                uwTickPrio
 .data.uwTickFreq
                0x000000002000000c        0x1 Drivers/STM32L4xx_HAL_Driver/Src/stm32l4xx_hal.o
                0x000000002000000c                uwTickFreq
 *(.RamFunc)
 *(.RamFunc*)
                0x0000000020000010                . = ALIGN (0x4)
 *fill*         0x000000002000000d        0x3 
                0x0000000020000010                _edata = .

.igot.plt       0x0000000020000010        0x0 load address 0x0000000008006270
 .igot.plt      0x0000000020000010        0x0 c:/users/simple energy/stm32cubeide_1.6.0/stm32cubeide/plugins/com.st.stm32cube.ide.mcu.externaltools.gnu-tools-for-stm32.9-2020-q2-update.win32_1.5.0.202011040924/tools/bin/../lib/gcc/arm-none-eabi/9.3.1/thumb/v7e-m+fp/hard/crtbegin.o
                0x0000000020000010                . = ALIGN (0x4)

.bss            0x0000000020000010      0x6ac load address 0x0000000008006270
                0x0000000020000010                _sbss = .
                0x0000000020000010                __bss_start__ = _sbss
 *(.bss)
 .bss           0x0000000020000010       0x1c c:/users/simple energy/stm32cubeide_1.6.0/stm32cubeide/plugins/com.st.stm32cube.ide.mcu.externaltools.gnu-tools-for-stm32.9-2020-q2-update.win32_1.5.0.202011040924/tools/bin/../lib/gcc/arm-none-eabi/9.3.1/thumb/v7e-m+fp/hard/crtbegin.o
 *(.bss*)
 .bss.cnt1      0x000000002000002c        0x1 Core/Src/main.o
                0x000000002000002c                cnt1
 .bss.count     0x000000002000002d        0x1 Core/Src/main.o
                0x000000002000002d                count
 *(COMMON)
 *fill*         0x000000002000002e        0x2 
 COMMON         0x0000000020000030      0x39d Core/Src/J1939.o
                0x0000000020000030                Key_Infovar
                0x0000000020000034                CA_Name
                0x000000002000003c                NodeAddress
                0x0000000020000040                Microcontroller_commandvar
                0x0000000020000041                J1939_TP_State_t
                0x0000000020000042                RXTail
                0x0000000020000044                Ride_Commandvar
                0x0000000020000048                TP_RX_MSG
                0x0000000020000148                RXHead
                0x000000002000014c                J1939_Flags
                0x000000002000014d                RXQueueCount
                0x000000002000014e                J1939_Address
                0x0000000020000150                OneMessage
                0x0000000020000164                Switch_Infovar
                0x0000000020000168                BMS_Statusvar
                0x000000002000016c                buffer
                0x0000000020000174                TTXQueueCount
                0x0000000020000178                RXQueue
                0x0000000020000240                TP_TX_MSG
                0x0000000020000340                TXTail
                0x0000000020000344                VCU_Statusvar
                0x0000000020000348                Microcontroller_Statusvar
                0x0000000020000350                can_id
                0x0000000020000354                TXQueue
                0x00000000200003b8                REQUEST_LIST
                0x00000000200003cc                TXHead
 *fill*         0x00000000200003cd        0x3 
 COMMON         0x00000000200003d0      0x1f4 Core/Src/J1939_Config.o
                0x00000000200003d0                str7
                0x00000000200003d4                arr
                0x00000000200003dc                fp
                0x00000000200003ec                value6
                0x00000000200003f0                data1
                0x00000000200003f4                data2
                0x00000000200003f8                str4
                0x00000000200003fc                huart3
                0x0000000020000480                data4
                0x0000000020000484                rxhead
                0x00000000200004a0                data8
                0x00000000200004a4                val8
                0x00000000200004a8                val4
                0x00000000200004ac                str3
                0x00000000200004b0                value8
                0x00000000200004b4                val5
                0x00000000200004b8                str8
                0x00000000200004bc                value3
                0x00000000200004c0                value5
                0x00000000200004c4                str5
                0x00000000200004c8                val2
                0x00000000200004cc                val7
                0x00000000200004d0                val3
                0x00000000200004d4                str1
                0x00000000200004d8                choice
                0x00000000200004e0                data
                0x00000000200004e8                value2
                0x00000000200004ec                str6
                0x00000000200004f0                result
                0x00000000200004f4                data3
                0x00000000200004f8                floval
                0x00000000200004fc                value4
                0x0000000020000500                data7
                0x0000000020000504                hcan1
                0x0000000020000568                val1
                0x000000002000056c                data5
                0x0000000020000570                str2
                0x0000000020000574                fil
                0x000000002000059c                value7
                0x00000000200005a0                txhead
                0x00000000200005b8                data6
                0x00000000200005bc                value1
                0x00000000200005c0                val6
 COMMON         0x00000000200005c4       0xf2 Core/Src/main.o
                0x00000000200005c4                uart_buf_len
                0x00000000200005c8                uart_buf
                0x00000000200005fc                Message
                0x0000000020000610                response_data
                0x0000000020000618                htim6
                0x0000000020000664                timer_val
                0x0000000020000668                htim16
                0x00000000200006b4                ran
 *fill*         0x00000000200006b6        0x2 
 COMMON         0x00000000200006b8        0x4 Drivers/STM32L4xx_HAL_Driver/Src/stm32l4xx_hal.o
                0x00000000200006b8                uwTick
                0x00000000200006bc                . = ALIGN (0x4)
                0x00000000200006bc                _ebss = .
                0x00000000200006bc                __bss_end__ = _ebss

._user_heap_stack
                0x00000000200006bc      0x604 load address 0x0000000008006270
                0x00000000200006c0                . = ALIGN (0x8)
 *fill*         0x00000000200006bc        0x4 
                [!provide]                        PROVIDE (end = .)
                0x00000000200006c0                PROVIDE (_end = .)
                0x00000000200008c0                . = (. + _Min_Heap_Size)
 *fill*         0x00000000200006c0      0x200 
                0x0000000020000cc0                . = (. + _Min_Stack_Size)
 *fill*         0x00000000200008c0      0x400 
                0x0000000020000cc0                . = ALIGN (0x8)

/DISCARD/
 libc.a(*)
 libm.a(*)
 libgcc.a(*)

.ARM.attributes
                0x0000000000000000       0x30
 *(.ARM.attributes)
 .ARM.attributes
                0x0000000000000000       0x1e c:/users/simple energy/stm32cubeide_1.6.0/stm32cubeide/plugins/com.st.stm32cube.ide.mcu.externaltools.gnu-tools-for-stm32.9-2020-q2-update.win32_1.5.0.202011040924/tools/bin/../lib/gcc/arm-none-eabi/9.3.1/thumb/v7e-m+fp/hard/crti.o
 .ARM.attributes
                0x000000000000001e       0x34 c:/users/simple energy/stm32cubeide_1.6.0/stm32cubeide/plugins/com.st.stm32cube.ide.mcu.externaltools.gnu-tools-for-stm32.9-2020-q2-update.win32_1.5.0.202011040924/tools/bin/../lib/gcc/arm-none-eabi/9.3.1/thumb/v7e-m+fp/hard/crtbegin.o
 .ARM.attributes
                0x0000000000000052       0x34 Core/Src/J1939.o
 .ARM.attributes
                0x0000000000000086       0x34 Core/Src/J1939_Config.o
 .ARM.attributes
                0x00000000000000ba       0x34 Core/Src/fun.o
 .ARM.attributes
                0x00000000000000ee       0x34 Core/Src/main.o
 .ARM.attributes
                0x0000000000000122       0x34 Core/Src/stm32l4xx_hal_msp.o
 .ARM.attributes
                0x0000000000000156       0x34 Core/Src/stm32l4xx_it.o
 .ARM.attributes
                0x000000000000018a       0x34 Core/Src/system_stm32l4xx.o
 .ARM.attributes
                0x00000000000001be       0x21 Core/Startup/startup_stm32l452retx.o
 .ARM.attributes
                0x00000000000001df       0x34 Drivers/STM32L4xx_HAL_Driver/Src/stm32l4xx_hal.o
 .ARM.attributes
                0x0000000000000213       0x34 Drivers/STM32L4xx_HAL_Driver/Src/stm32l4xx_hal_can.o
 .ARM.attributes
                0x0000000000000247       0x34 Drivers/STM32L4xx_HAL_Driver/Src/stm32l4xx_hal_cortex.o
 .ARM.attributes
                0x000000000000027b       0x34 Drivers/STM32L4xx_HAL_Driver/Src/stm32l4xx_hal_dma.o
 .ARM.attributes
                0x00000000000002af       0x34 Drivers/STM32L4xx_HAL_Driver/Src/stm32l4xx_hal_gpio.o
 .ARM.attributes
                0x00000000000002e3       0x34 Drivers/STM32L4xx_HAL_Driver/Src/stm32l4xx_hal_pwr_ex.o
 .ARM.attributes
                0x0000000000000317       0x34 Drivers/STM32L4xx_HAL_Driver/Src/stm32l4xx_hal_rcc.o
 .ARM.attributes
                0x000000000000034b       0x34 Drivers/STM32L4xx_HAL_Driver/Src/stm32l4xx_hal_rcc_ex.o
 .ARM.attributes
                0x000000000000037f       0x34 Drivers/STM32L4xx_HAL_Driver/Src/stm32l4xx_hal_tim.o
 .ARM.attributes
                0x00000000000003b3       0x34 Drivers/STM32L4xx_HAL_Driver/Src/stm32l4xx_hal_tim_ex.o
 .ARM.attributes
                0x00000000000003e7       0x34 Drivers/STM32L4xx_HAL_Driver/Src/stm32l4xx_hal_uart.o
 .ARM.attributes
                0x000000000000041b       0x34 Drivers/STM32L4xx_HAL_Driver/Src/stm32l4xx_hal_uart_ex.o
 .ARM.attributes
                0x000000000000044f       0x34 c:/users/simple energy/stm32cubeide_1.6.0/stm32cubeide/plugins/com.st.stm32cube.ide.mcu.externaltools.gnu-tools-for-stm32.9-2020-q2-update.win32_1.5.0.202011040924/tools/bin/../lib/gcc/arm-none-eabi/9.3.1/../../../../arm-none-eabi/lib/thumb/v7e-m+fp/hard\libc_nano.a(lib_a-init.o)
 .ARM.attributes
                0x0000000000000483       0x34 c:/users/simple energy/stm32cubeide_1.6.0/stm32cubeide/plugins/com.st.stm32cube.ide.mcu.externaltools.gnu-tools-for-stm32.9-2020-q2-update.win32_1.5.0.202011040924/tools/bin/../lib/gcc/arm-none-eabi/9.3.1/../../../../arm-none-eabi/lib/thumb/v7e-m+fp/hard\libc_nano.a(lib_a-memset.o)
 .ARM.attributes
                0x00000000000004b7       0x1e c:/users/simple energy/stm32cubeide_1.6.0/stm32cubeide/plugins/com.st.stm32cube.ide.mcu.externaltools.gnu-tools-for-stm32.9-2020-q2-update.win32_1.5.0.202011040924/tools/bin/../lib/gcc/arm-none-eabi/9.3.1/thumb/v7e-m+fp/hard\libgcc.a(_aeabi_uldivmod.o)
 .ARM.attributes
                0x00000000000004d5       0x34 c:/users/simple energy/stm32cubeide_1.6.0/stm32cubeide/plugins/com.st.stm32cube.ide.mcu.externaltools.gnu-tools-for-stm32.9-2020-q2-update.win32_1.5.0.202011040924/tools/bin/../lib/gcc/arm-none-eabi/9.3.1/thumb/v7e-m+fp/hard\libgcc.a(_udivmoddi4.o)
 .ARM.attributes
                0x0000000000000509       0x1e c:/users/simple energy/stm32cubeide_1.6.0/stm32cubeide/plugins/com.st.stm32cube.ide.mcu.externaltools.gnu-tools-for-stm32.9-2020-q2-update.win32_1.5.0.202011040924/tools/bin/../lib/gcc/arm-none-eabi/9.3.1/thumb/v7e-m+fp/hard\libgcc.a(_dvmd_tls.o)
 .ARM.attributes
                0x0000000000000527       0x1e c:/users/simple energy/stm32cubeide_1.6.0/stm32cubeide/plugins/com.st.stm32cube.ide.mcu.externaltools.gnu-tools-for-stm32.9-2020-q2-update.win32_1.5.0.202011040924/tools/bin/../lib/gcc/arm-none-eabi/9.3.1/thumb/v7e-m+fp/hard/crtn.o
OUTPUT(J1939_PORT_3.elf elf32-littlearm)
LOAD linker stubs
LOAD c:/users/simple energy/stm32cubeide_1.6.0/stm32cubeide/plugins/com.st.stm32cube.ide.mcu.externaltools.gnu-tools-for-stm32.9-2020-q2-update.win32_1.5.0.202011040924/tools/bin/../lib/gcc/arm-none-eabi/9.3.1/../../../../arm-none-eabi/lib/thumb/v7e-m+fp/hard\libc.a
LOAD c:/users/simple energy/stm32cubeide_1.6.0/stm32cubeide/plugins/com.st.stm32cube.ide.mcu.externaltools.gnu-tools-for-stm32.9-2020-q2-update.win32_1.5.0.202011040924/tools/bin/../lib/gcc/arm-none-eabi/9.3.1/../../../../arm-none-eabi/lib/thumb/v7e-m+fp/hard\libm.a
LOAD c:/users/simple energy/stm32cubeide_1.6.0/stm32cubeide/plugins/com.st.stm32cube.ide.mcu.externaltools.gnu-tools-for-stm32.9-2020-q2-update.win32_1.5.0.202011040924/tools/bin/../lib/gcc/arm-none-eabi/9.3.1/thumb/v7e-m+fp/hard\libgcc.a

.debug_info     0x0000000000000000    0x1871b
 .debug_info    0x0000000000000000      0xe72 Core/Src/J1939.o
 .debug_info    0x0000000000000e72     0x1f5e Core/Src/J1939_Config.o
 .debug_info    0x0000000000002dd0     0x20ec Core/Src/fun.o
 .debug_info    0x0000000000004ebc     0x2b53 Core/Src/main.o
 .debug_info    0x0000000000007a0f     0x1804 Core/Src/stm32l4xx_hal_msp.o
 .debug_info    0x0000000000009213     0x122f Core/Src/stm32l4xx_it.o
 .debug_info    0x000000000000a442      0x795 Core/Src/system_stm32l4xx.o
 .debug_info    0x000000000000abd7       0x22 Core/Startup/startup_stm32l452retx.o
 .debug_info    0x000000000000abf9      0xc8d Drivers/STM32L4xx_HAL_Driver/Src/stm32l4xx_hal.o
 .debug_info    0x000000000000b886     0x1428 Drivers/STM32L4xx_HAL_Driver/Src/stm32l4xx_hal_can.o
 .debug_info    0x000000000000ccae      0xfe6 Drivers/STM32L4xx_HAL_Driver/Src/stm32l4xx_hal_cortex.o
 .debug_info    0x000000000000dc94      0x973 Drivers/STM32L4xx_HAL_Driver/Src/stm32l4xx_hal_dma.o
 .debug_info    0x000000000000e607      0xa6d Drivers/STM32L4xx_HAL_Driver/Src/stm32l4xx_hal_gpio.o
 .debug_info    0x000000000000f074      0xb7b Drivers/STM32L4xx_HAL_Driver/Src/stm32l4xx_hal_pwr_ex.o
 .debug_info    0x000000000000fbef      0xdc3 Drivers/STM32L4xx_HAL_Driver/Src/stm32l4xx_hal_rcc.o
 .debug_info    0x00000000000109b2     0x1157 Drivers/STM32L4xx_HAL_Driver/Src/stm32l4xx_hal_rcc_ex.o
 .debug_info    0x0000000000011b09     0x2cb9 Drivers/STM32L4xx_HAL_Driver/Src/stm32l4xx_hal_tim.o
 .debug_info    0x00000000000147c2     0x1813 Drivers/STM32L4xx_HAL_Driver/Src/stm32l4xx_hal_tim_ex.o
 .debug_info    0x0000000000015fd5     0x1adf Drivers/STM32L4xx_HAL_Driver/Src/stm32l4xx_hal_uart.o
 .debug_info    0x0000000000017ab4      0xc67 Drivers/STM32L4xx_HAL_Driver/Src/stm32l4xx_hal_uart_ex.o

.debug_abbrev   0x0000000000000000     0x2fe4
 .debug_abbrev  0x0000000000000000      0x3be Core/Src/J1939.o
 .debug_abbrev  0x00000000000003be      0x34d Core/Src/J1939_Config.o
 .debug_abbrev  0x000000000000070b      0x373 Core/Src/fun.o
 .debug_abbrev  0x0000000000000a7e      0x450 Core/Src/main.o
 .debug_abbrev  0x0000000000000ece      0x226 Core/Src/stm32l4xx_hal_msp.o
 .debug_abbrev  0x00000000000010f4      0x1d2 Core/Src/stm32l4xx_it.o
 .debug_abbrev  0x00000000000012c6      0x165 Core/Src/system_stm32l4xx.o
 .debug_abbrev  0x000000000000142b       0x12 Core/Startup/startup_stm32l452retx.o
 .debug_abbrev  0x000000000000143d      0x227 Drivers/STM32L4xx_HAL_Driver/Src/stm32l4xx_hal.o
 .debug_abbrev  0x0000000000001664      0x27e Drivers/STM32L4xx_HAL_Driver/Src/stm32l4xx_hal_can.o
 .debug_abbrev  0x00000000000018e2      0x33c Drivers/STM32L4xx_HAL_Driver/Src/stm32l4xx_hal_cortex.o
 .debug_abbrev  0x0000000000001c1e      0x201 Drivers/STM32L4xx_HAL_Driver/Src/stm32l4xx_hal_dma.o
 .debug_abbrev  0x0000000000001e1f      0x1e8 Drivers/STM32L4xx_HAL_Driver/Src/stm32l4xx_hal_gpio.o
 .debug_abbrev  0x0000000000002007      0x1f3 Drivers/STM32L4xx_HAL_Driver/Src/stm32l4xx_hal_pwr_ex.o
 .debug_abbrev  0x00000000000021fa      0x275 Drivers/STM32L4xx_HAL_Driver/Src/stm32l4xx_hal_rcc.o
 .debug_abbrev  0x000000000000246f      0x268 Drivers/STM32L4xx_HAL_Driver/Src/stm32l4xx_hal_rcc_ex.o
 .debug_abbrev  0x00000000000026d7      0x25e Drivers/STM32L4xx_HAL_Driver/Src/stm32l4xx_hal_tim.o
 .debug_abbrev  0x0000000000002935      0x266 Drivers/STM32L4xx_HAL_Driver/Src/stm32l4xx_hal_tim_ex.o
 .debug_abbrev  0x0000000000002b9b      0x23f Drivers/STM32L4xx_HAL_Driver/Src/stm32l4xx_hal_uart.o
 .debug_abbrev  0x0000000000002dda      0x20a Drivers/STM32L4xx_HAL_Driver/Src/stm32l4xx_hal_uart_ex.o

.debug_aranges  0x0000000000000000     0x1270
 .debug_aranges
                0x0000000000000000       0xe0 Core/Src/J1939.o
 .debug_aranges
                0x00000000000000e0       0x30 Core/Src/J1939_Config.o
 .debug_aranges
                0x0000000000000110       0x88 Core/Src/fun.o
 .debug_aranges
                0x0000000000000198       0x90 Core/Src/main.o
 .debug_aranges
                0x0000000000000228       0x50 Core/Src/stm32l4xx_hal_msp.o
 .debug_aranges
                0x0000000000000278       0xa0 Core/Src/stm32l4xx_it.o
 .debug_aranges
                0x0000000000000318       0x28 Core/Src/system_stm32l4xx.o
 .debug_aranges
                0x0000000000000340       0x28 Core/Startup/startup_stm32l452retx.o
 .debug_aranges
                0x0000000000000368      0x130 Drivers/STM32L4xx_HAL_Driver/Src/stm32l4xx_hal.o
 .debug_aranges
                0x0000000000000498      0x148 Drivers/STM32L4xx_HAL_Driver/Src/stm32l4xx_hal_can.o
 .debug_aranges
                0x00000000000005e0      0x118 Drivers/STM32L4xx_HAL_Driver/Src/stm32l4xx_hal_cortex.o
 .debug_aranges
                0x00000000000006f8       0x80 Drivers/STM32L4xx_HAL_Driver/Src/stm32l4xx_hal_dma.o
 .debug_aranges
                0x0000000000000778       0x58 Drivers/STM32L4xx_HAL_Driver/Src/stm32l4xx_hal_gpio.o
 .debug_aranges
                0x00000000000007d0      0x128 Drivers/STM32L4xx_HAL_Driver/Src/stm32l4xx_hal_pwr_ex.o
 .debug_aranges
                0x00000000000008f8       0x88 Drivers/STM32L4xx_HAL_Driver/Src/stm32l4xx_hal_rcc.o
 .debug_aranges
                0x0000000000000980       0xf0 Drivers/STM32L4xx_HAL_Driver/Src/stm32l4xx_hal_rcc_ex.o
 .debug_aranges
                0x0000000000000a70      0x3e0 Drivers/STM32L4xx_HAL_Driver/Src/stm32l4xx_hal_tim.o
 .debug_aranges
                0x0000000000000e50      0x180 Drivers/STM32L4xx_HAL_Driver/Src/stm32l4xx_hal_tim_ex.o
 .debug_aranges
                0x0000000000000fd0      0x228 Drivers/STM32L4xx_HAL_Driver/Src/stm32l4xx_hal_uart.o
 .debug_aranges
                0x00000000000011f8       0x78 Drivers/STM32L4xx_HAL_Driver/Src/stm32l4xx_hal_uart_ex.o

.debug_ranges   0x0000000000000000     0x1168
 .debug_ranges  0x0000000000000000       0xd0 Core/Src/J1939.o
 .debug_ranges  0x00000000000000d0       0x20 Core/Src/J1939_Config.o
 .debug_ranges  0x00000000000000f0       0x78 Core/Src/fun.o
 .debug_ranges  0x0000000000000168       0x80 Core/Src/main.o
 .debug_ranges  0x00000000000001e8       0x40 Core/Src/stm32l4xx_hal_msp.o
 .debug_ranges  0x0000000000000228       0x90 Core/Src/stm32l4xx_it.o
 .debug_ranges  0x00000000000002b8       0x18 Core/Src/system_stm32l4xx.o
 .debug_ranges  0x00000000000002d0       0x20 Core/Startup/startup_stm32l452retx.o
 .debug_ranges  0x00000000000002f0      0x120 Drivers/STM32L4xx_HAL_Driver/Src/stm32l4xx_hal.o
 .debug_ranges  0x0000000000000410      0x138 Drivers/STM32L4xx_HAL_Driver/Src/stm32l4xx_hal_can.o
 .debug_ranges  0x0000000000000548      0x108 Drivers/STM32L4xx_HAL_Driver/Src/stm32l4xx_hal_cortex.o
 .debug_ranges  0x0000000000000650       0x70 Drivers/STM32L4xx_HAL_Driver/Src/stm32l4xx_hal_dma.o
 .debug_ranges  0x00000000000006c0       0x48 Drivers/STM32L4xx_HAL_Driver/Src/stm32l4xx_hal_gpio.o
 .debug_ranges  0x0000000000000708      0x118 Drivers/STM32L4xx_HAL_Driver/Src/stm32l4xx_hal_pwr_ex.o
 .debug_ranges  0x0000000000000820       0x78 Drivers/STM32L4xx_HAL_Driver/Src/stm32l4xx_hal_rcc.o
 .debug_ranges  0x0000000000000898       0xe0 Drivers/STM32L4xx_HAL_Driver/Src/stm32l4xx_hal_rcc_ex.o
 .debug_ranges  0x0000000000000978      0x3d0 Drivers/STM32L4xx_HAL_Driver/Src/stm32l4xx_hal_tim.o
 .debug_ranges  0x0000000000000d48      0x170 Drivers/STM32L4xx_HAL_Driver/Src/stm32l4xx_hal_tim_ex.o
 .debug_ranges  0x0000000000000eb8      0x248 Drivers/STM32L4xx_HAL_Driver/Src/stm32l4xx_hal_uart.o
 .debug_ranges  0x0000000000001100       0x68 Drivers/STM32L4xx_HAL_Driver/Src/stm32l4xx_hal_uart_ex.o

.debug_macro    0x0000000000000000    0x2430f
 .debug_macro   0x0000000000000000       0x96 Core/Src/J1939.o
 .debug_macro   0x0000000000000096      0xaa8 Core/Src/J1939.o
 .debug_macro   0x0000000000000b3e       0x16 Core/Src/J1939.o
 .debug_macro   0x0000000000000b54       0x22 Core/Src/J1939.o
 .debug_macro   0x0000000000000b76       0x8e Core/Src/J1939.o
 .debug_macro   0x0000000000000c04       0x51 Core/Src/J1939.o
 .debug_macro   0x0000000000000c55      0x103 Core/Src/J1939.o
 .debug_macro   0x0000000000000d58       0x6a Core/Src/J1939.o
 .debug_macro   0x0000000000000dc2      0x1df Core/Src/J1939.o
 .debug_macro   0x0000000000000fa1      0x164 Core/Src/J1939.o
 .debug_macro   0x0000000000001105       0x40 Core/Src/J1939.o
 .debug_macro   0x0000000000001145      0x3f5 Core/Src/J1939_Config.o
 .debug_macro   0x000000000000153a       0x40 Core/Src/J1939_Config.o
 .debug_macro   0x000000000000157a      0x1b3 Core/Src/J1939_Config.o
 .debug_macro   0x000000000000172d       0x2e Core/Src/J1939_Config.o
 .debug_macro   0x000000000000175b       0x28 Core/Src/J1939_Config.o
 .debug_macro   0x0000000000001783       0x1c Core/Src/J1939_Config.o
 .debug_macro   0x000000000000179f       0x22 Core/Src/J1939_Config.o
 .debug_macro   0x00000000000017c1      0x101 Core/Src/J1939_Config.o
 .debug_macro   0x00000000000018c2     0x1011 Core/Src/J1939_Config.o
 .debug_macro   0x00000000000028d3      0x11f Core/Src/J1939_Config.o
 .debug_macro   0x00000000000029f2    0x1632f Core/Src/J1939_Config.o
 .debug_macro   0x0000000000018d21       0x43 Core/Src/J1939_Config.o
 .debug_macro   0x0000000000018d64     0x3897 Core/Src/J1939_Config.o
 .debug_macro   0x000000000001c5fb      0x174 Core/Src/J1939_Config.o
 .debug_macro   0x000000000001c76f       0x5c Core/Src/J1939_Config.o
 .debug_macro   0x000000000001c7cb     0x13bb Core/Src/J1939_Config.o
 .debug_macro   0x000000000001db86      0x63f Core/Src/J1939_Config.o
 .debug_macro   0x000000000001e1c5      0x13d Core/Src/J1939_Config.o
 .debug_macro   0x000000000001e302      0x168 Core/Src/J1939_Config.o
 .debug_macro   0x000000000001e46a      0x26b Core/Src/J1939_Config.o
 .debug_macro   0x000000000001e6d5      0x23d Core/Src/J1939_Config.o
 .debug_macro   0x000000000001e912      0x40f Core/Src/J1939_Config.o
 .debug_macro   0x000000000001ed21      0x241 Core/Src/J1939_Config.o
 .debug_macro   0x000000000001ef62      0x375 Core/Src/J1939_Config.o
 .debug_macro   0x000000000001f2d7       0xd6 Core/Src/J1939_Config.o
 .debug_macro   0x000000000001f3ad      0x22c Core/Src/J1939_Config.o
 .debug_macro   0x000000000001f5d9       0x61 Core/Src/J1939_Config.o
 .debug_macro   0x000000000001f63a       0xa5 Core/Src/J1939_Config.o
 .debug_macro   0x000000000001f6df      0x122 Core/Src/J1939_Config.o
 .debug_macro   0x000000000001f801      0x365 Core/Src/J1939_Config.o
 .debug_macro   0x000000000001fb66      0xa75 Core/Src/J1939_Config.o
 .debug_macro   0x00000000000205db      0x151 Core/Src/J1939_Config.o
 .debug_macro   0x000000000002072c      0x5ba Core/Src/J1939_Config.o
 .debug_macro   0x0000000000020ce6       0x44 Core/Src/J1939_Config.o
 .debug_macro   0x0000000000020d2a      0x2ec Core/Src/J1939_Config.o
 .debug_macro   0x0000000000021016       0x1c Core/Src/J1939_Config.o
 .debug_macro   0x0000000000021032       0x52 Core/Src/J1939_Config.o
 .debug_macro   0x0000000000021084       0x18 Core/Src/J1939_Config.o
 .debug_macro   0x000000000002109c       0x3c Core/Src/J1939_Config.o
 .debug_macro   0x00000000000210d8       0x34 Core/Src/J1939_Config.o
 .debug_macro   0x000000000002110c       0x16 Core/Src/J1939_Config.o
 .debug_macro   0x0000000000021122       0x35 Core/Src/J1939_Config.o
 .debug_macro   0x0000000000021157      0x333 Core/Src/J1939_Config.o
 .debug_macro   0x000000000002148a       0x10 Core/Src/J1939_Config.o
 .debug_macro   0x000000000002149a       0x16 Core/Src/J1939_Config.o
 .debug_macro   0x00000000000214b0       0x43 Core/Src/J1939_Config.o
 .debug_macro   0x00000000000214f3       0x34 Core/Src/J1939_Config.o
 .debug_macro   0x0000000000021527       0x10 Core/Src/J1939_Config.o
 .debug_macro   0x0000000000021537       0x58 Core/Src/J1939_Config.o
 .debug_macro   0x000000000002158f       0x71 Core/Src/J1939_Config.o
 .debug_macro   0x0000000000021600       0x1c Core/Src/J1939_Config.o
 .debug_macro   0x000000000002161c      0x12a Core/Src/J1939_Config.o
 .debug_macro   0x0000000000021746       0x10 Core/Src/J1939_Config.o
 .debug_macro   0x0000000000021756       0x1c Core/Src/J1939_Config.o
 .debug_macro   0x0000000000021772       0x52 Core/Src/J1939_Config.o
 .debug_macro   0x00000000000217c4       0x22 Core/Src/J1939_Config.o
 .debug_macro   0x00000000000217e6       0x10 Core/Src/J1939_Config.o
 .debug_macro   0x00000000000217f6       0x40 Core/Src/J1939_Config.o
 .debug_macro   0x0000000000021836       0xd5 Core/Src/J1939_Config.o
 .debug_macro   0x000000000002190b       0x1c Core/Src/J1939_Config.o
 .debug_macro   0x0000000000021927       0x3d Core/Src/J1939_Config.o
 .debug_macro   0x0000000000021964       0x16 Core/Src/J1939_Config.o
 .debug_macro   0x000000000002197a      0x145 Core/Src/J1939_Config.o
 .debug_macro   0x0000000000021abf       0x16 Core/Src/J1939_Config.o
 .debug_macro   0x0000000000021ad5       0x20 Core/Src/J1939_Config.o
 .debug_macro   0x0000000000021af5       0x16 Core/Src/J1939_Config.o
 .debug_macro   0x0000000000021b0b       0x16 Core/Src/J1939_Config.o
 .debug_macro   0x0000000000021b21       0x29 Core/Src/J1939_Config.o
 .debug_macro   0x0000000000021b4a      0x1a9 Core/Src/J1939_Config.o
 .debug_macro   0x0000000000021cf3      0x3f4 Core/Src/fun.o
 .debug_macro   0x00000000000220e7      0x176 Core/Src/fun.o
 .debug_macro   0x000000000002225d      0x2e0 Core/Src/main.o
 .debug_macro   0x000000000002253d      0x1f2 Core/Src/stm32l4xx_hal_msp.o
 .debug_macro   0x000000000002272f      0x1fc Core/Src/stm32l4xx_it.o
 .debug_macro   0x000000000002292b      0x1e3 Core/Src/system_stm32l4xx.o
 .debug_macro   0x0000000000022b0e      0x231 Drivers/STM32L4xx_HAL_Driver/Src/stm32l4xx_hal.o
 .debug_macro   0x0000000000022d3f      0x1eb Drivers/STM32L4xx_HAL_Driver/Src/stm32l4xx_hal_can.o
 .debug_macro   0x0000000000022f2a      0x1e3 Drivers/STM32L4xx_HAL_Driver/Src/stm32l4xx_hal_cortex.o
 .debug_macro   0x000000000002310d      0x1e3 Drivers/STM32L4xx_HAL_Driver/Src/stm32l4xx_hal_dma.o
 .debug_macro   0x00000000000232f0      0x222 Drivers/STM32L4xx_HAL_Driver/Src/stm32l4xx_hal_gpio.o
 .debug_macro   0x0000000000023512      0x207 Drivers/STM32L4xx_HAL_Driver/Src/stm32l4xx_hal_pwr_ex.o
 .debug_macro   0x0000000000023719      0x225 Drivers/STM32L4xx_HAL_Driver/Src/stm32l4xx_hal_rcc.o
 .debug_macro   0x000000000002393e      0x219 Drivers/STM32L4xx_HAL_Driver/Src/stm32l4xx_hal_rcc_ex.o
 .debug_macro   0x0000000000023b57      0x1e4 Drivers/STM32L4xx_HAL_Driver/Src/stm32l4xx_hal_tim.o
 .debug_macro   0x0000000000023d3b      0x1e3 Drivers/STM32L4xx_HAL_Driver/Src/stm32l4xx_hal_tim_ex.o
 .debug_macro   0x0000000000023f1e      0x20e Drivers/STM32L4xx_HAL_Driver/Src/stm32l4xx_hal_uart.o
 .debug_macro   0x000000000002412c      0x1e3 Drivers/STM32L4xx_HAL_Driver/Src/stm32l4xx_hal_uart_ex.o

.debug_line     0x0000000000000000    0x1477b
 .debug_line    0x0000000000000000     0x108b Core/Src/J1939.o
 .debug_line    0x000000000000108b      0xbb8 Core/Src/J1939_Config.o
 .debug_line    0x0000000000001c43      0xdb6 Core/Src/fun.o
 .debug_line    0x00000000000029f9      0xd66 Core/Src/main.o
 .debug_line    0x000000000000375f      0x88a Core/Src/stm32l4xx_hal_msp.o
 .debug_line    0x0000000000003fe9      0x905 Core/Src/stm32l4xx_it.o
 .debug_line    0x00000000000048ee      0x833 Core/Src/system_stm32l4xx.o
 .debug_line    0x0000000000005121       0x87 Core/Startup/startup_stm32l452retx.o
 .debug_line    0x00000000000051a8      0xb72 Drivers/STM32L4xx_HAL_Driver/Src/stm32l4xx_hal.o
 .debug_line    0x0000000000005d1a     0x139c Drivers/STM32L4xx_HAL_Driver/Src/stm32l4xx_hal_can.o
 .debug_line    0x00000000000070b6      0xd19 Drivers/STM32L4xx_HAL_Driver/Src/stm32l4xx_hal_cortex.o
 .debug_line    0x0000000000007dcf      0xd51 Drivers/STM32L4xx_HAL_Driver/Src/stm32l4xx_hal_dma.o
 .debug_line    0x0000000000008b20      0xb96 Drivers/STM32L4xx_HAL_Driver/Src/stm32l4xx_hal_gpio.o
 .debug_line    0x00000000000096b6      0xc79 Drivers/STM32L4xx_HAL_Driver/Src/stm32l4xx_hal_pwr_ex.o
 .debug_line    0x000000000000a32f      0xff8 Drivers/STM32L4xx_HAL_Driver/Src/stm32l4xx_hal_rcc.o
 .debug_line    0x000000000000b327     0x1463 Drivers/STM32L4xx_HAL_Driver/Src/stm32l4xx_hal_rcc_ex.o
 .debug_line    0x000000000000c78a     0x3b1b Drivers/STM32L4xx_HAL_Driver/Src/stm32l4xx_hal_tim.o
 .debug_line    0x00000000000102a5     0x1b98 Drivers/STM32L4xx_HAL_Driver/Src/stm32l4xx_hal_tim_ex.o
 .debug_line    0x0000000000011e3d     0x1ddf Drivers/STM32L4xx_HAL_Driver/Src/stm32l4xx_hal_uart.o
 .debug_line    0x0000000000013c1c      0xb5f Drivers/STM32L4xx_HAL_Driver/Src/stm32l4xx_hal_uart_ex.o

.debug_str      0x0000000000000000    0xddff1
 .debug_str     0x0000000000000000     0x4b16 Core/Src/J1939.o
                                       0x4d04 (size before relaxing)
 .debug_str     0x0000000000004b16    0xd43ec Core/Src/J1939_Config.o
                                      0xd8eee (size before relaxing)
 .debug_str     0x00000000000d8f02      0x1b0 Core/Src/fun.o
                                      0xd8fc2 (size before relaxing)
 .debug_str     0x00000000000d90b2      0xd40 Core/Src/main.o
                                      0xd8337 (size before relaxing)
 .debug_str     0x00000000000d9df2       0xae Core/Src/stm32l4xx_hal_msp.o
                                      0xd4194 (size before relaxing)
 .debug_str     0x00000000000d9ea0      0x148 Core/Src/stm32l4xx_it.o
                                      0xd3c8f (size before relaxing)
 .debug_str     0x00000000000d9fe8       0xb8 Core/Src/system_stm32l4xx.o
                                      0xd3234 (size before relaxing)
 .debug_str     0x00000000000da0a0       0x36 Core/Startup/startup_stm32l452retx.o
                                         0x7d (size before relaxing)
 .debug_str     0x00000000000da0d6      0x5c0 Drivers/STM32L4xx_HAL_Driver/Src/stm32l4xx_hal.o
                                      0xd3c94 (size before relaxing)
 .debug_str     0x00000000000da696      0x5f4 Drivers/STM32L4xx_HAL_Driver/Src/stm32l4xx_hal_can.o
                                      0xd3c48 (size before relaxing)
 .debug_str     0x00000000000dac8a      0x357 Drivers/STM32L4xx_HAL_Driver/Src/stm32l4xx_hal_cortex.o
                                      0xd39fa (size before relaxing)
 .debug_str     0x00000000000dafe1      0x23d Drivers/STM32L4xx_HAL_Driver/Src/stm32l4xx_hal_dma.o
                                      0xd349d (size before relaxing)
 .debug_str     0x00000000000db21e      0x21f Drivers/STM32L4xx_HAL_Driver/Src/stm32l4xx_hal_gpio.o
                                      0xd34c9 (size before relaxing)
 .debug_str     0x00000000000db43d      0x45a Drivers/STM32L4xx_HAL_Driver/Src/stm32l4xx_hal_pwr_ex.o
                                      0xd36eb (size before relaxing)
 .debug_str     0x00000000000db897      0x395 Drivers/STM32L4xx_HAL_Driver/Src/stm32l4xx_hal_rcc.o
                                      0xd37cb (size before relaxing)
 .debug_str     0x00000000000dbc2c      0x527 Drivers/STM32L4xx_HAL_Driver/Src/stm32l4xx_hal_rcc_ex.o
                                      0xd3aa7 (size before relaxing)
 .debug_str     0x00000000000dc153      0xe32 Drivers/STM32L4xx_HAL_Driver/Src/stm32l4xx_hal_tim.o
                                      0xd44c6 (size before relaxing)
 .debug_str     0x00000000000dcf85      0x5fc Drivers/STM32L4xx_HAL_Driver/Src/stm32l4xx_hal_tim_ex.o
                                      0xd3d98 (size before relaxing)
 .debug_str     0x00000000000dd581      0x893 Drivers/STM32L4xx_HAL_Driver/Src/stm32l4xx_hal_uart.o
                                      0xd3e93 (size before relaxing)
 .debug_str     0x00000000000dde14      0x1dd Drivers/STM32L4xx_HAL_Driver/Src/stm32l4xx_hal_uart_ex.o
                                      0xd3699 (size before relaxing)

.comment        0x0000000000000000       0x53
 .comment       0x0000000000000000       0x53 Core/Src/J1939.o
                                         0x54 (size before relaxing)
 .comment       0x0000000000000053       0x54 Core/Src/J1939_Config.o
 .comment       0x0000000000000053       0x54 Core/Src/fun.o
 .comment       0x0000000000000053       0x54 Core/Src/main.o
 .comment       0x0000000000000053       0x54 Core/Src/stm32l4xx_hal_msp.o
 .comment       0x0000000000000053       0x54 Core/Src/stm32l4xx_it.o
 .comment       0x0000000000000053       0x54 Core/Src/system_stm32l4xx.o
 .comment       0x0000000000000053       0x54 Drivers/STM32L4xx_HAL_Driver/Src/stm32l4xx_hal.o
 .comment       0x0000000000000053       0x54 Drivers/STM32L4xx_HAL_Driver/Src/stm32l4xx_hal_can.o
 .comment       0x0000000000000053       0x54 Drivers/STM32L4xx_HAL_Driver/Src/stm32l4xx_hal_cortex.o
 .comment       0x0000000000000053       0x54 Drivers/STM32L4xx_HAL_Driver/Src/stm32l4xx_hal_dma.o
 .comment       0x0000000000000053       0x54 Drivers/STM32L4xx_HAL_Driver/Src/stm32l4xx_hal_gpio.o
 .comment       0x0000000000000053       0x54 Drivers/STM32L4xx_HAL_Driver/Src/stm32l4xx_hal_pwr_ex.o
 .comment       0x0000000000000053       0x54 Drivers/STM32L4xx_HAL_Driver/Src/stm32l4xx_hal_rcc.o
 .comment       0x0000000000000053       0x54 Drivers/STM32L4xx_HAL_Driver/Src/stm32l4xx_hal_rcc_ex.o
 .comment       0x0000000000000053       0x54 Drivers/STM32L4xx_HAL_Driver/Src/stm32l4xx_hal_tim.o
 .comment       0x0000000000000053       0x54 Drivers/STM32L4xx_HAL_Driver/Src/stm32l4xx_hal_tim_ex.o
 .comment       0x0000000000000053       0x54 Drivers/STM32L4xx_HAL_Driver/Src/stm32l4xx_hal_uart.o
 .comment       0x0000000000000053       0x54 Drivers/STM32L4xx_HAL_Driver/Src/stm32l4xx_hal_uart_ex.o

.debug_frame    0x0000000000000000     0x4da0
 .debug_frame   0x0000000000000000      0x3a4 Core/Src/J1939.o
 .debug_frame   0x00000000000003a4       0x74 Core/Src/J1939_Config.o
 .debug_frame   0x0000000000000418      0x214 Core/Src/fun.o
 .debug_frame   0x000000000000062c      0x210 Core/Src/main.o
 .debug_frame   0x000000000000083c      0x110 Core/Src/stm32l4xx_hal_msp.o
 .debug_frame   0x000000000000094c      0x1e4 Core/Src/stm32l4xx_it.o
 .debug_frame   0x0000000000000b30       0x58 Core/Src/system_stm32l4xx.o
 .debug_frame   0x0000000000000b88      0x498 Drivers/STM32L4xx_HAL_Driver/Src/stm32l4xx_hal.o
 .debug_frame   0x0000000000001020      0x5f4 Drivers/STM32L4xx_HAL_Driver/Src/stm32l4xx_hal_can.o
 .debug_frame   0x0000000000001614      0x498 Drivers/STM32L4xx_HAL_Driver/Src/stm32l4xx_hal_cortex.o
 .debug_frame   0x0000000000001aac      0x204 Drivers/STM32L4xx_HAL_Driver/Src/stm32l4xx_hal_dma.o
 .debug_frame   0x0000000000001cb0      0x14c Drivers/STM32L4xx_HAL_Driver/Src/stm32l4xx_hal_gpio.o
 .debug_frame   0x0000000000001dfc      0x4a4 Drivers/STM32L4xx_HAL_Driver/Src/stm32l4xx_hal_pwr_ex.o
 .debug_frame   0x00000000000022a0      0x1f4 Drivers/STM32L4xx_HAL_Driver/Src/stm32l4xx_hal_rcc.o
 .debug_frame   0x0000000000002494      0x3d0 Drivers/STM32L4xx_HAL_Driver/Src/stm32l4xx_hal_rcc_ex.o
 .debug_frame   0x0000000000002864     0x121c Drivers/STM32L4xx_HAL_Driver/Src/stm32l4xx_hal_tim.o
 .debug_frame   0x0000000000003a80      0x6b0 Drivers/STM32L4xx_HAL_Driver/Src/stm32l4xx_hal_tim_ex.o
 .debug_frame   0x0000000000004130      0x9e4 Drivers/STM32L4xx_HAL_Driver/Src/stm32l4xx_hal_uart.o
 .debug_frame   0x0000000000004b14      0x1e0 Drivers/STM32L4xx_HAL_Driver/Src/stm32l4xx_hal_uart_ex.o
 .debug_frame   0x0000000000004cf4       0x2c c:/users/simple energy/stm32cubeide_1.6.0/stm32cubeide/plugins/com.st.stm32cube.ide.mcu.externaltools.gnu-tools-for-stm32.9-2020-q2-update.win32_1.5.0.202011040924/tools/bin/../lib/gcc/arm-none-eabi/9.3.1/../../../../arm-none-eabi/lib/thumb/v7e-m+fp/hard\libc_nano.a(lib_a-init.o)
 .debug_frame   0x0000000000004d20       0x20 c:/users/simple energy/stm32cubeide_1.6.0/stm32cubeide/plugins/com.st.stm32cube.ide.mcu.externaltools.gnu-tools-for-stm32.9-2020-q2-update.win32_1.5.0.202011040924/tools/bin/../lib/gcc/arm-none-eabi/9.3.1/../../../../arm-none-eabi/lib/thumb/v7e-m+fp/hard\libc_nano.a(lib_a-memset.o)
 .debug_frame   0x0000000000004d40       0x2c c:/users/simple energy/stm32cubeide_1.6.0/stm32cubeide/plugins/com.st.stm32cube.ide.mcu.externaltools.gnu-tools-for-stm32.9-2020-q2-update.win32_1.5.0.202011040924/tools/bin/../lib/gcc/arm-none-eabi/9.3.1/thumb/v7e-m+fp/hard\libgcc.a(_aeabi_uldivmod.o)
 .debug_frame   0x0000000000004d6c       0x34 c:/users/simple energy/stm32cubeide_1.6.0/stm32cubeide/plugins/com.st.stm32cube.ide.mcu.externaltools.gnu-tools-for-stm32.9-2020-q2-update.win32_1.5.0.202011040924/tools/bin/../lib/gcc/arm-none-eabi/9.3.1/thumb/v7e-m+fp/hard\libgcc.a(_udivmoddi4.o)
